ARM Linker, 5.03 [Build 76] [MDK-ARM Lite]

==============================================================================

Section Cross References

    startup.o(STACK) refers (Special) to heapauxi.o(.text) for __use_two_region_memory
    startup.o(HEAP) refers (Special) to heapauxi.o(.text) for __use_two_region_memory
    startup.o(RESET) refers (Special) to heapauxi.o(.text) for __use_two_region_memory
    startup.o(RESET) refers to startup.o(STACK) for Stack_Top
    startup.o(RESET) refers to __main.o(!!!main) for __main
    startup.o(.text) refers (Special) to heapauxi.o(.text) for __use_two_region_memory
    startup.o(.text) refers to startup.o(HEAP) for Heap_Mem
    startup.o(.text) refers to startup.o(STACK) for Stack_Mem
    uart0_file.o(.text) refers to uart0_file.o(.data) for i
    interrupt_file.o(.text) refers to interrupt_file.o(.data) for uart0_index
    interrupt_file.o(.text) refers to interrupt_file.o(.bss) for uart0_buffer
    interrupt_file.o(.text) refers to rf_reader_file.o(.data) for exit_mode
    lcd_file.o(.text) refers to delay_file.o(.text) for delay_US
    lcd_file.o(.text) refers to aeabi_sdiv.o(.text) for __aeabi_idivmod
    keypad_file.o(.text) refers to delay_file.o(.text) for delay_MS
    keypad_file.o(.text) refers to aeabi_sdiv.o(.text) for __aeabi_idivmod
    keypad_file.o(.text) refers to keypad_file.o(.data) for arr
    main.o(.text) refers to uart0_file.o(.text) for initUart0
    main.o(.text) refers to uart1_file.o(.text) for initUart1
    main.o(.text) refers to interrupt_file.o(.text) for init_interrupt
    main.o(.text) refers to lcd_file.o(.text) for initLCD
    main.o(.text) refers to keypad_file.o(.text) for initKPM
    main.o(.text) refers to buzzer_file.o(.text) for buzzer_init
    main.o(.text) refers to rf_reader_file.o(.text) for processRFID
    buzzer_file.o(.text) refers to delay_file.o(.text) for delay_MS
    rf_reader_file.o(.text) refers to _printf_percent.o(.ARM.Collect$$_printf_percent$$00000000) for _printf_percent
    rf_reader_file.o(.text) refers to _printf_d.o(.ARM.Collect$$_printf_percent$$00000009) for _printf_d
    rf_reader_file.o(.text) refers to _printf_dec.o(.text) for _printf_int_dec
    rf_reader_file.o(.text) refers to keypad_file.o(.text) for keySCAN
    rf_reader_file.o(.text) refers to aeabi_sdiv.o(.text) for __aeabi_idivmod
    rf_reader_file.o(.text) refers to lcd_file.o(.text) for cmdLCD
    rf_reader_file.o(.text) refers to rt_memclr.o(.text) for __aeabi_memclr
    rf_reader_file.o(.text) refers to noretval__2sprintf.o(.text) for __2sprintf
    rf_reader_file.o(.text) refers to uart0_file.o(.text) for uart0_flush
    rf_reader_file.o(.text) refers to strcpy.o(.text) for strcpy
    rf_reader_file.o(.text) refers to delay_file.o(.text) for delay_MS
    rf_reader_file.o(.text) refers to strcmp.o(.text) for strcmp
    rf_reader_file.o(.text) refers to interrupt_file.o(.data) for uart0_ready
    rf_reader_file.o(.text) refers to interrupt_file.o(.bss) for uart0_buffer
    rf_reader_file.o(.text) refers to rf_reader_file.o(.data) for entry_mode
    rf_reader_file.o(.text) refers to buzzer_file.o(.text) for buzzer_on
    rf_reader_file.o(.text) refers to atoi.o(.text) for atoi
    rf_reader_file.o(.text) refers to fflt_noclz.o(x$fpl$fflt) for __aeabi_i2f
    rf_reader_file.o(.text) refers to feqf.o(x$fpl$feqf) for __aeabi_cfcmpeq
    rf_reader_file.o(.text) refers to fleqf.o(x$fpl$fleqf) for __aeabi_cfcmple
    rf_reader_file.o(.text) refers to faddsub_noclz.o(x$fpl$fsub) for __aeabi_fsub
    rf_reader_file.o(.text) refers to ffix.o(x$fpl$ffix) for __aeabi_f2iz
    rf_reader_file.o(.text) refers to strncmp.o(.text) for strncmp
    rf_reader_file.o(.text) refers to frleqf.o(x$fpl$frleqf) for __aeabi_cfrcmple
    __2sprintf.o(.text) refers to _printf_char_common.o(.text) for _printf_char_common
    __2sprintf.o(.text) refers to _sputc.o(.text) for _sputc
    noretval__2sprintf.o(.text) refers to _printf_char_common.o(.text) for _printf_char_common
    noretval__2sprintf.o(.text) refers to _sputc.o(.text) for _sputc
    __printf.o(.text) refers to __printf.o(i.__ARM_common_call_via_r1) for __ARM_common_call_via_r1
    __printf.o(.text) refers to _printf_percent.o(.ARM.Collect$$_printf_percent$$00000000) for _printf_percent
    __printf.o(.text) refers to __printf.o(i.__ARM_common_call_via_r2) for __ARM_common_call_via_r2
    _printf_dec.o(.text) refers to rtudiv10.o(.text) for __rt_udiv10
    _printf_dec.o(.text) refers to _printf_intcommon.o(.text) for _printf_int_common
    __printf_flags.o(.text) refers to __printf.o(i.__ARM_common_call_via_r1) for __ARM_common_call_via_r1
    __printf_flags.o(.text) refers to _printf_percent.o(.ARM.Collect$$_printf_percent$$00000000) for _printf_percent
    __printf_flags.o(.text) refers to __printf.o(i.__ARM_common_call_via_r2) for __ARM_common_call_via_r2
    __printf_flags.o(.text) refers to __printf_flags.o(.constdata) for .constdata
    __printf_ss.o(.text) refers to __printf.o(i.__ARM_common_call_via_r1) for __ARM_common_call_via_r1
    __printf_ss.o(.text) refers to _printf_percent.o(.ARM.Collect$$_printf_percent$$00000000) for _printf_percent
    __printf_ss.o(.text) refers to __printf.o(i.__ARM_common_call_via_r2) for __ARM_common_call_via_r2
    __printf_flags_ss.o(.text) refers to __printf.o(i.__ARM_common_call_via_r1) for __ARM_common_call_via_r1
    __printf_flags_ss.o(.text) refers to _printf_percent.o(.ARM.Collect$$_printf_percent$$00000000) for _printf_percent
    __printf_flags_ss.o(.text) refers to __printf.o(i.__ARM_common_call_via_r2) for __ARM_common_call_via_r2
    __printf_flags_ss.o(.text) refers to __printf_flags_ss.o(.constdata) for .constdata
    __printf_wp.o(.text) refers to __printf.o(i.__ARM_common_call_via_r1) for __ARM_common_call_via_r1
    __printf_wp.o(.text) refers to __printf_wp.o(i._is_digit) for _is_digit
    __printf_wp.o(.text) refers to _printf_percent.o(.ARM.Collect$$_printf_percent$$00000000) for _printf_percent
    __printf_wp.o(.text) refers to __printf.o(i.__ARM_common_call_via_r2) for __ARM_common_call_via_r2
    __printf_flags_wp.o(.text) refers to __printf.o(i.__ARM_common_call_via_r1) for __ARM_common_call_via_r1
    __printf_flags_wp.o(.text) refers to __printf_wp.o(i._is_digit) for _is_digit
    __printf_flags_wp.o(.text) refers to _printf_percent.o(.ARM.Collect$$_printf_percent$$00000000) for _printf_percent
    __printf_flags_wp.o(.text) refers to __printf.o(i.__ARM_common_call_via_r2) for __ARM_common_call_via_r2
    __printf_flags_wp.o(.text) refers to __printf_flags_wp.o(.constdata) for .constdata
    __printf_ss_wp.o(.text) refers to __printf.o(i.__ARM_common_call_via_r1) for __ARM_common_call_via_r1
    __printf_ss_wp.o(.text) refers to __printf_wp.o(i._is_digit) for _is_digit
    __printf_ss_wp.o(.text) refers to _printf_percent.o(.ARM.Collect$$_printf_percent$$00000000) for _printf_percent
    __printf_ss_wp.o(.text) refers to __printf.o(i.__ARM_common_call_via_r2) for __ARM_common_call_via_r2
    __printf_flags_ss_wp.o(.text) refers to __printf.o(i.__ARM_common_call_via_r1) for __ARM_common_call_via_r1
    __printf_flags_ss_wp.o(.text) refers to __printf_wp.o(i._is_digit) for _is_digit
    __printf_flags_ss_wp.o(.text) refers to _printf_percent.o(.ARM.Collect$$_printf_percent$$00000000) for _printf_percent
    __printf_flags_ss_wp.o(.text) refers to __printf.o(i.__ARM_common_call_via_r2) for __ARM_common_call_via_r2
    __printf_flags_ss_wp.o(.text) refers to __printf_flags_ss_wp.o(.constdata) for .constdata
    _printf_d.o(.ARM.Collect$$_printf_percent$$00000009) refers (Weak) to _printf_dec.o(.text) for _printf_int_dec
    _printf_percent.o(.ARM.Collect$$_printf_percent$$00000000) refers (Special) to _printf_percent_end.o(.ARM.Collect$$_printf_percent$$00000017) for _printf_percent_end
    atoi.o(.text) refers to rt_errno_addr_intlibspace.o(.text) for __aeabi_errno_addr
    atoi.o(.text) refers to strtol.o(.text) for strtol
    rt_memclr.o(.text) refers to rt_memclr_w.o(.text) for _memset_w
    aeabi_sdiv.o(.text_udiv) refers to aeabi_sdiv.o(.text) for __arm_div2
    aeabi_sdiv_div0.o(.text_udiv) refers to aeabi_sdiv_div0.o(.text) for __arm_div2
    __main.o(!!!main) refers to rtentry.o(.ARM.Collect$$rtentry$$00000000) for __rt_entry
    faddsub_noclz.o(x$fpl$fadd) refers (Special) to usenofp.o(x$fpl$usenofp) for __I$use$fp
    faddsub_noclz.o(x$fpl$fadd) refers to faddsub_noclz.o(x$fpl$fsub) for _fsub1
    faddsub_noclz.o(x$fpl$fadd) refers to fretinf.o(x$fpl$fretinf) for __fpl_fretinf
    faddsub_noclz.o(x$fpl$fadd) refers to fnaninf.o(x$fpl$fnaninf) for __fpl_fnaninf
    faddsub_noclz.o(x$fpl$frsb) refers (Special) to usenofp.o(x$fpl$usenofp) for __I$use$fp
    faddsub_noclz.o(x$fpl$frsb) refers to faddsub_noclz.o(x$fpl$fadd) for _fadd1
    faddsub_noclz.o(x$fpl$frsb) refers to faddsub_noclz.o(x$fpl$fsub) for _fsub1
    faddsub_noclz.o(x$fpl$fsub) refers (Special) to usenofp.o(x$fpl$usenofp) for __I$use$fp
    faddsub_noclz.o(x$fpl$fsub) refers to faddsub_noclz.o(x$fpl$fadd) for _fadd1
    faddsub_noclz.o(x$fpl$fsub) refers to fnaninf.o(x$fpl$fnaninf) for __fpl_fnaninf
    feqf.o(x$fpl$feqf) refers (Special) to usenofp.o(x$fpl$usenofp) for __I$use$fp
    feqf.o(x$fpl$feqf) refers to fnaninf.o(x$fpl$fnaninf) for __fpl_fnaninf
    feqf.o(x$fpl$feqf) refers to fcmpi.o(x$fpl$fcmpinf) for __fpl_fcmp_Inf
    ffix.o(x$fpl$ffix) refers (Special) to usenofp.o(x$fpl$usenofp) for __I$use$fp
    ffix.o(x$fpl$ffix) refers to fnaninf.o(x$fpl$fnaninf) for __fpl_fnaninf
    ffix.o(x$fpl$ffixr) refers (Special) to usenofp.o(x$fpl$usenofp) for __I$use$fp
    ffix.o(x$fpl$ffixr) refers to fnaninf.o(x$fpl$fnaninf) for __fpl_fnaninf
    fflt_noclz.o(x$fpl$ffltu) refers (Special) to usenofp.o(x$fpl$usenofp) for __I$use$fp
    fflt_noclz.o(x$fpl$ffltu) refers to fflt_noclz.o(x$fpl$fflt) for __fflt_normalise
    fflt_noclz.o(x$fpl$fflt) refers (Special) to usenofp.o(x$fpl$usenofp) for __I$use$fp
    fleqf.o(x$fpl$fleqf) refers (Special) to usenofp.o(x$fpl$usenofp) for __I$use$fp
    fleqf.o(x$fpl$fleqf) refers to fnaninf.o(x$fpl$fnaninf) for __fpl_fnaninf
    fleqf.o(x$fpl$fleqf) refers to fcmpi.o(x$fpl$fcmpinf) for __fpl_fcmp_Inf
    frleqf.o(x$fpl$frleqf) refers (Special) to usenofp.o(x$fpl$usenofp) for __I$use$fp
    frleqf.o(x$fpl$frleqf) refers to fleqf.o(x$fpl$fleqf) for __fpl_fcmple_InfNaN
    rtentry.o(.ARM.Collect$$rtentry$$00000000) refers (Special) to rtentry2.o(.ARM.Collect$$rtentry$$0000000A) for __rt_entry_li
    rtentry.o(.ARM.Collect$$rtentry$$00000000) refers (Special) to rtentry2.o(.ARM.Collect$$rtentry$$0000000D) for __rt_entry_main
    rtentry.o(.ARM.Collect$$rtentry$$00000000) refers (Special) to rtentry2.o(.ARM.Collect$$rtentry$$0000000C) for __rt_entry_postli_1
    rtentry.o(.ARM.Collect$$rtentry$$00000000) refers (Special) to rtentry2.o(.ARM.Collect$$rtentry$$00000009) for __rt_entry_postsh_1
    rtentry.o(.ARM.Collect$$rtentry$$00000000) refers (Special) to rtentry2.o(.ARM.Collect$$rtentry$$00000002) for __rt_entry_presh_1
    rtentry.o(.ARM.Collect$$rtentry$$00000000) refers (Special) to rtentry4.o(.ARM.Collect$$rtentry$$00000004) for __rt_entry_sh
    aeabi_idiv0_sigfpe.o(.text) refers to rt_div0.o(.text) for __rt_div0
    rt_errno_addr.o(.text) refers to rt_errno_addr.o(.bss) for __aeabi_errno_addr_data
    rt_errno_addr_intlibspace.o(.text) refers to libspace.o(.bss) for __libspace_start
    _printf_intcommon.o(.text) refers to __printf.o(i.__ARM_common_call_via_r2) for __ARM_common_call_via_r2
    _printf_char_common.o(.text) refers to __printf.o(.text) for __printf
    strtol.o(.text) refers to rt_ctype_table.o(.text) for __rt_ctype_table
    strtol.o(.text) refers to _strtoul.o(.text) for _strtoul
    strtol.o(.text) refers to rt_errno_addr_intlibspace.o(.text) for __aeabi_errno_addr
    fcmpi.o(x$fpl$fcmpinf) refers (Special) to usenofp.o(x$fpl$usenofp) for __I$use$fp
    fnaninf.o(x$fpl$fnaninf) refers (Special) to usenofp.o(x$fpl$usenofp) for __I$use$fp
    fretinf.o(x$fpl$fretinf) refers (Special) to usenofp.o(x$fpl$usenofp) for __I$use$fp
    libspace.o(.text) refers to libspace.o(.bss) for __libspace_start
    rtentry2.o(.ARM.Collect$$rtentry$$00000008) refers to boardinit2.o(.text) for _platform_post_stackheap_init
    rtentry2.o(.ARM.Collect$$rtentry$$0000000A) refers to libinit.o(.ARM.Collect$$libinit$$00000000) for __rt_lib_init
    rtentry2.o(.ARM.Collect$$rtentry$$0000000B) refers to boardinit3.o(.text) for _platform_post_lib_init
    rtentry2.o(.ARM.Collect$$rtentry$$0000000D) refers to exit.o(.text) for exit
    rtentry2.o(.ARM.Collect$$rtentry$$0000000D) refers to main.o(.text) for main
    rtentry2.o(.ARM.exidx) refers to rtentry2.o(.ARM.Collect$$rtentry$$00000001) for .ARM.Collect$$rtentry$$00000001
    rtentry2.o(.ARM.exidx) refers to rtentry2.o(.ARM.Collect$$rtentry$$00000008) for .ARM.Collect$$rtentry$$00000008
    rtentry2.o(.ARM.exidx) refers to rtentry2.o(.ARM.Collect$$rtentry$$0000000A) for .ARM.Collect$$rtentry$$0000000A
    rtentry2.o(.ARM.exidx) refers to rtentry2.o(.ARM.Collect$$rtentry$$0000000B) for .ARM.Collect$$rtentry$$0000000B
    rtentry2.o(.ARM.exidx) refers to rtentry2.o(.ARM.Collect$$rtentry$$0000000D) for .ARM.Collect$$rtentry$$0000000D
    rtentry4.o(.ARM.Collect$$rtentry$$00000004) refers to sys_stackheap_outer.o(.text) for __user_setup_stackheap
    rtentry4.o(.ARM.exidx) refers to rtentry4.o(.ARM.Collect$$rtentry$$00000004) for .ARM.Collect$$rtentry$$00000004
    rt_ctype_table.o(.text) refers to rt_locale_intlibspace.o(.text) for __rt_locale
    rt_ctype_table.o(.text) refers to lc_ctype_c.o(locale$$code) for _get_lc_ctype
    rt_div0.o(.text) refers to defsig_fpe_outer.o(.text) for __rt_SIGFPE
    __printf_nopercent.o(.text) refers to __printf_nopercent.o(i.__ARM_common_call_via_r7) for __ARM_common_call_via_r7
    __printf_nopercent.o(.text) refers to __printf_nopercent.o(i.__ARM_common_call_via_r5) for __ARM_common_call_via_r5
    _strtoul.o(.text) refers to _chval.o(.text) for _chval
    _strtoul.o(.text) refers to rt_errno_addr_intlibspace.o(.text) for __aeabi_errno_addr
    sys_stackheap_outer.o(.text) refers to libspace.o(.text) for __user_perproc_libspace
    sys_stackheap_outer.o(.text) refers to startup.o(.text) for __user_initial_stackheap
    rt_locale.o(.text) refers to rt_locale.o(.bss) for __rt_locale_data
    rt_locale_intlibspace.o(.text) refers to libspace.o(.bss) for __libspace_start
    lc_ctype_c.o(locale$$data) refers (Special) to libinit2.o(.ARM.Collect$$libinit$$00000010) for __rt_lib_init_lc_ctype_2
    lc_ctype_c.o(locale$$code) refers (Special) to libinit2.o(.ARM.Collect$$libinit$$00000010) for __rt_lib_init_lc_ctype_2
    lc_ctype_c.o(locale$$code) refers to strcmp.o(.text) for strcmp
    lc_ctype_c.o(locale$$code) refers to lc_ctype_c.o(locale$$data) for __lcctype_c_name
    exit.o(.text) refers to rtexit.o(.ARM.Collect$$rtexit$$00000000) for __rt_exit
    defsig_fpe_outer.o(.text) refers to defsig_fpe_inner.o(.text) for __rt_SIGFPE_inner
    defsig_fpe_outer.o(.text) refers to defsig_exit.o(.text) for __sig_exit
    defsig_fpe_formal.o(.text) refers to rt_raise.o(.text) for __rt_raise
    libinit.o(.ARM.Collect$$libinit$$00000000) refers (Special) to libinit2.o(.ARM.Collect$$libinit$$0000002C) for __rt_lib_init_alloca_1
    libinit.o(.ARM.Collect$$libinit$$00000000) refers (Special) to libinit2.o(.ARM.Collect$$libinit$$0000002A) for __rt_lib_init_argv_1
    libinit.o(.ARM.Collect$$libinit$$00000000) refers (Special) to libinit2.o(.ARM.Collect$$libinit$$00000019) for __rt_lib_init_atexit_1
    libinit.o(.ARM.Collect$$libinit$$00000000) refers (Special) to libinit2.o(.ARM.Collect$$libinit$$0000001F) for __rt_lib_init_clock_1
    libinit.o(.ARM.Collect$$libinit$$00000000) refers (Special) to libinit2.o(.ARM.Collect$$libinit$$00000030) for __rt_lib_init_cpp_1
    libinit.o(.ARM.Collect$$libinit$$00000000) refers (Special) to libinit2.o(.ARM.Collect$$libinit$$0000002E) for __rt_lib_init_exceptions_1
    libinit.o(.ARM.Collect$$libinit$$00000000) refers (Special) to libinit2.o(.ARM.Collect$$libinit$$00000002) for __rt_lib_init_fp_1
    libinit.o(.ARM.Collect$$libinit$$00000000) refers (Special) to libinit2.o(.ARM.Collect$$libinit$$0000001D) for __rt_lib_init_fp_trap_1
    libinit.o(.ARM.Collect$$libinit$$00000000) refers (Special) to libinit2.o(.ARM.Collect$$libinit$$00000021) for __rt_lib_init_getenv_1
    libinit.o(.ARM.Collect$$libinit$$00000000) refers (Special) to libinit2.o(.ARM.Collect$$libinit$$00000008) for __rt_lib_init_heap_1
    libinit.o(.ARM.Collect$$libinit$$00000000) refers (Special) to libinit2.o(.ARM.Collect$$libinit$$0000000F) for __rt_lib_init_lc_collate_1
    libinit.o(.ARM.Collect$$libinit$$00000000) refers (Special) to libinit2.o(.ARM.Collect$$libinit$$00000011) for __rt_lib_init_lc_ctype_1
    libinit.o(.ARM.Collect$$libinit$$00000000) refers (Special) to libinit2.o(.ARM.Collect$$libinit$$00000013) for __rt_lib_init_lc_monetary_1
    libinit.o(.ARM.Collect$$libinit$$00000000) refers (Special) to libinit2.o(.ARM.Collect$$libinit$$00000015) for __rt_lib_init_lc_numeric_1
    libinit.o(.ARM.Collect$$libinit$$00000000) refers (Special) to libinit2.o(.ARM.Collect$$libinit$$00000017) for __rt_lib_init_lc_time_1
    libinit.o(.ARM.Collect$$libinit$$00000000) refers (Special) to libinit2.o(.ARM.Collect$$libinit$$0000000C) for __rt_lib_init_rand_1
    libinit.o(.ARM.Collect$$libinit$$00000000) refers (Special) to libinit2.o(.ARM.Collect$$libinit$$00000031) for __rt_lib_init_return
    libinit.o(.ARM.Collect$$libinit$$00000000) refers (Special) to libinit2.o(.ARM.Collect$$libinit$$0000001B) for __rt_lib_init_signal_1
    libinit.o(.ARM.Collect$$libinit$$00000000) refers (Special) to libinit2.o(.ARM.Collect$$libinit$$00000023) for __rt_lib_init_stdio_1
    libinit.o(.ARM.Collect$$libinit$$00000000) refers (Special) to libinit2.o(.ARM.Collect$$libinit$$0000000A) for __rt_lib_init_user_alloc_1
    rtexit.o(.ARM.Collect$$rtexit$$00000000) refers (Special) to rtexit2.o(.ARM.Collect$$rtexit$$00000004) for __rt_exit_exit
    rtexit.o(.ARM.Collect$$rtexit$$00000000) refers (Special) to rtexit2.o(.ARM.Collect$$rtexit$$00000003) for __rt_exit_ls
    rtexit.o(.ARM.Collect$$rtexit$$00000000) refers (Special) to rtexit2.o(.ARM.Collect$$rtexit$$00000002) for __rt_exit_prels_1
    rtexit.o(.ARM.exidx) refers (Special) to rtexit2.o(.ARM.Collect$$rtexit$$00000004) for __rt_exit_exit
    rtexit.o(.ARM.exidx) refers (Special) to rtexit2.o(.ARM.Collect$$rtexit$$00000003) for __rt_exit_ls
    rtexit.o(.ARM.exidx) refers (Special) to rtexit2.o(.ARM.Collect$$rtexit$$00000002) for __rt_exit_prels_1
    rtexit.o(.ARM.exidx) refers to rtexit.o(.ARM.Collect$$rtexit$$00000000) for .ARM.Collect$$rtexit$$00000000
    rt_raise.o(.text) refers to __raise.o(.text) for __raise
    rt_raise.o(.text) refers to sys_exit.o(.text) for _sys_exit
    defsig_exit.o(.text) refers to sys_exit.o(.text) for _sys_exit
    defsig_fpe_inner.o(.text) refers to defsig_general.o(.text) for __default_signal_display
    libinit2.o(.ARM.Collect$$libinit$$00000001) refers to fpinit.o(x$fpl$fpinit) for _fp_init
    libinit2.o(.ARM.Collect$$libinit$$0000000D) refers (Weak) to rt_locale_intlibspace.o(.text) for __rt_locale
    libinit2.o(.ARM.Collect$$libinit$$0000000E) refers to libinit2.o(.ARM.Collect$$libinit$$0000000D) for .ARM.Collect$$libinit$$0000000D
    libinit2.o(.ARM.Collect$$libinit$$00000010) refers to libinit2.o(.ARM.Collect$$libinit$$0000000D) for .ARM.Collect$$libinit$$0000000D
    libinit2.o(.ARM.Collect$$libinit$$00000010) refers (Weak) to lc_ctype_c.o(locale$$code) for _get_lc_ctype
    libinit2.o(.ARM.Collect$$libinit$$00000012) refers to libinit2.o(.ARM.Collect$$libinit$$0000000D) for .ARM.Collect$$libinit$$0000000D
    libinit2.o(.ARM.Collect$$libinit$$00000014) refers to libinit2.o(.ARM.Collect$$libinit$$0000000D) for .ARM.Collect$$libinit$$0000000D
    libinit2.o(.ARM.Collect$$libinit$$00000016) refers to libinit2.o(.ARM.Collect$$libinit$$0000000D) for .ARM.Collect$$libinit$$0000000D
    libinit2.o(.ARM.Collect$$libinit$$00000024) refers to argv_veneer.o(.emb_text) for __ARM_argv_veneer
    libinit2.o(.ARM.Collect$$libinit$$00000025) refers to argv_veneer.o(.emb_text) for __ARM_argv_veneer
    sys_exit.o(.text) refers (Special) to use_no_semi.o(.text) for __I$use$semihosting
    sys_exit.o(.text) refers (Special) to indicate_semi.o(.text) for __semihosting_library_function
    rtexit2.o(.ARM.Collect$$rtexit$$00000003) refers to libshutdown.o(.ARM.Collect$$libshutdown$$00000000) for __rt_lib_shutdown
    rtexit2.o(.ARM.Collect$$rtexit$$00000004) refers to sys_exit.o(.text) for _sys_exit
    rtexit2.o(.ARM.exidx) refers to rtexit2.o(.ARM.Collect$$rtexit$$00000001) for .ARM.Collect$$rtexit$$00000001
    rtexit2.o(.ARM.exidx) refers to rtexit2.o(.ARM.Collect$$rtexit$$00000003) for .ARM.Collect$$rtexit$$00000003
    rtexit2.o(.ARM.exidx) refers to rtexit2.o(.ARM.Collect$$rtexit$$00000004) for .ARM.Collect$$rtexit$$00000004
    __raise.o(.text) refers to __printf.o(i.__ARM_common_call_via_r2) for __ARM_common_call_via_r2
    __raise.o(.text) refers to defsig.o(CL$$defsig) for __default_signal_handler
    defsig_general.o(.text) refers to sys_wrch.o(.text) for _ttywrch
    argv_veneer.o(.emb_text) refers to no_argv.o(.text) for __ARM_get_argv
    sys_wrch.o(.text) refers (Special) to use_no_semi.o(.text) for __I$use$semihosting
    sys_wrch.o(.text) refers (Special) to indicate_semi.o(.text) for __semihosting_library_function
    defsig.o(CL$$defsig) refers to defsig_fpe_inner.o(.text) for __rt_SIGFPE_inner
    defsig.o(CL$$defsig) refers to defsig_rtmem_inner.o(.text) for __rt_SIGRTMEM_inner
    _get_argv_nomalloc.o(.text) refers (Special) to hrguard.o(.text) for __heap_region$guard
    _get_argv_nomalloc.o(.text) refers to defsig_rtmem_outer.o(.text) for __rt_SIGRTMEM
    _get_argv_nomalloc.o(.text) refers to sys_command.o(.text) for _sys_command_string
    libshutdown.o(.ARM.Collect$$libshutdown$$00000000) refers (Special) to libshutdown2.o(.ARM.Collect$$libshutdown$$00000006) for __rt_lib_shutdown_fp_trap_1
    libshutdown.o(.ARM.Collect$$libshutdown$$00000000) refers (Special) to libshutdown2.o(.ARM.Collect$$libshutdown$$0000000E) for __rt_lib_shutdown_heap_1
    libshutdown.o(.ARM.Collect$$libshutdown$$00000000) refers (Special) to libshutdown2.o(.ARM.Collect$$libshutdown$$0000000F) for __rt_lib_shutdown_return
    libshutdown.o(.ARM.Collect$$libshutdown$$00000000) refers (Special) to libshutdown2.o(.ARM.Collect$$libshutdown$$00000009) for __rt_lib_shutdown_signal_1
    libshutdown.o(.ARM.Collect$$libshutdown$$00000000) refers (Special) to libshutdown2.o(.ARM.Collect$$libshutdown$$00000003) for __rt_lib_shutdown_stdio_1
    libshutdown.o(.ARM.Collect$$libshutdown$$00000000) refers (Special) to libshutdown2.o(.ARM.Collect$$libshutdown$$0000000B) for __rt_lib_shutdown_user_alloc_1
    sys_command.o(.text) refers (Special) to use_no_semi.o(.text) for __I$use$semihosting
    sys_command.o(.text) refers (Special) to indicate_semi.o(.text) for __semihosting_library_function
    defsig_abrt_inner.o(.text) refers to defsig_general.o(.text) for __default_signal_display
    defsig_rtred_inner.o(.text) refers to defsig_general.o(.text) for __default_signal_display
    defsig_rtmem_inner.o(.text) refers to defsig_general.o(.text) for __default_signal_display
    defsig_rtmem_outer.o(.text) refers to defsig_rtmem_inner.o(.text) for __rt_SIGRTMEM_inner
    defsig_rtmem_outer.o(.text) refers to defsig_exit.o(.text) for __sig_exit
    defsig_rtmem_formal.o(.text) refers to rt_raise.o(.text) for __rt_raise
    defsig_stak_inner.o(.text) refers to defsig_general.o(.text) for __default_signal_display
    defsig_pvfn_inner.o(.text) refers to defsig_general.o(.text) for __default_signal_display
    defsig_cppl_inner.o(.text) refers to defsig_general.o(.text) for __default_signal_display
    defsig_segv_inner.o(.text) refers to defsig_general.o(.text) for __default_signal_display
    defsig_other.o(.text) refers to defsig_general.o(.text) for __default_signal_display


==============================================================================

Adding Veneers to the image

    Adding TA veneer (4 bytes, Inline) for call to '_printf_percent' from __printf.o(.text).
    Adding AT veneer (8 bytes, Inline) for call to '__rt_lib_init' from rtentry2.o(.ARM.Collect$$rtentry$$0000000A).
    Adding AT veneer (8 bytes, Inline) for call to '__rt_lib_shutdown' from rtexit2.o(.ARM.Collect$$rtexit$$00000003).
    Adding TA veneer (4 bytes, Inline) for call to '__rt_exit' from exit.o(.text).
    Adding AT veneer (8 bytes, Inline) for call to '__2sprintf' from rf_reader_file.o(.text).
    Adding AT veneer (8 bytes, Inline) for call to '_printf_int_dec' from _printf_d.o(.ARM.Collect$$_printf_percent$$00000009).
    Adding AT veneer (8 bytes, Inline) for call to 'atoi' from rf_reader_file.o(.text).
    Adding AT veneer (8 bytes, Inline) for call to 'strcpy' from rf_reader_file.o(.text).
    Adding AT veneer (8 bytes, Inline) for call to 'strncmp' from rf_reader_file.o(.text).
    Adding TA veneer (4 bytes, Inline) for call to '__aeabi_errno_addr' from atoi.o(.text).
    Adding TA veneer (4 bytes, Inline) for call to '__rt_udiv10' from _printf_dec.o(.text).
    Adding TA veneer (4 bytes, Inline) for call to '__rt_ctype_table' from strtol.o(.text).
    Adding TA veneer (4 bytes, Inline) for call to '__rt_locale' from libinit2.o(.ARM.Collect$$libinit$$0000000D).
    Adding AT veneer (8 bytes, Inline) for call to '_sys_exit' from rtexit2.o(.ARM.Collect$$rtexit$$00000004).
    Adding TA veneer (4 bytes, Inline) for call to '_get_lc_ctype' from libinit2.o(.ARM.Collect$$libinit$$00000010).

15 Veneer(s) (total 92 bytes) added to the image.

==============================================================================

Image Symbol Table

    Local Symbols

    Symbol Name                              Value     Ov Type        Size  Object(Section)

    RESET                                    0x00000000   Section      272  startup.o(RESET)
    ../clib/angel/boardlib.s                 0x00000000   Number         0  boardinit1.o ABSOLUTE
    ../clib/angel/boardlib.s                 0x00000000   Number         0  boardshut.o ABSOLUTE
    ../clib/angel/boardlib.s                 0x00000000   Number         0  boardinit2.o ABSOLUTE
    ../clib/angel/boardlib.s                 0x00000000   Number         0  boardinit3.o ABSOLUTE
    ../clib/angel/handlers.s                 0x00000000   Number         0  __scatter_copy.o ABSOLUTE
    ../clib/angel/handlers.s                 0x00000000   Number         0  __scatter_zi.o ABSOLUTE
    ../clib/angel/kernel.s                   0x00000000   Number         0  rtentry4.o ABSOLUTE
    ../clib/angel/kernel.s                   0x00000000   Number         0  rtexit.o ABSOLUTE
    ../clib/angel/kernel.s                   0x00000000   Number         0  rtentry.o ABSOLUTE
    ../clib/angel/kernel.s                   0x00000000   Number         0  rtexit2.o ABSOLUTE
    ../clib/angel/kernel.s                   0x00000000   Number         0  rtentry2.o ABSOLUTE
    ../clib/angel/rt.s                       0x00000000   Number         0  rt_locale.o ABSOLUTE
    ../clib/angel/rt.s                       0x00000000   Number         0  rt_errno_addr_intlibspace.o ABSOLUTE
    ../clib/angel/rt.s                       0x00000000   Number         0  rt_errno_addr.o ABSOLUTE
    ../clib/angel/rt.s                       0x00000000   Number         0  aeabi_idiv0_sigfpe.o ABSOLUTE
    ../clib/angel/rt.s                       0x00000000   Number         0  aeabi_idiv0.o ABSOLUTE
    ../clib/angel/rt.s                       0x00000000   Number         0  rt_locale_intlibspace.o ABSOLUTE
    ../clib/angel/rt.s                       0x00000000   Number         0  rt_raise.o ABSOLUTE
    ../clib/angel/rt.s                       0x00000000   Number         0  rt_ctype_table.o ABSOLUTE
    ../clib/angel/rt.s                       0x00000000   Number         0  rt_div0.o ABSOLUTE
    ../clib/angel/scatter.s                  0x00000000   Number         0  __scatter.o ABSOLUTE
    ../clib/angel/startup.s                  0x00000000   Number         0  __main.o ABSOLUTE
    ../clib/angel/sys.s                      0x00000000   Number         0  use_no_semi.o ABSOLUTE
    ../clib/angel/sys.s                      0x00000000   Number         0  indicate_semi.o ABSOLUTE
    ../clib/angel/sys.s                      0x00000000   Number         0  sys_stackheap_outer.o ABSOLUTE
    ../clib/angel/sys.s                      0x00000000   Number         0  libspace.o ABSOLUTE
    ../clib/angel/sysapp.c                   0x00000000   Number         0  sys_command.o ABSOLUTE
    ../clib/angel/sysapp.c                   0x00000000   Number         0  sys_exit.o ABSOLUTE
    ../clib/angel/sysapp.c                   0x00000000   Number         0  sys_wrch.o ABSOLUTE
    ../clib/armsys.c                         0x00000000   Number         0  argv_veneer.o ABSOLUTE
    ../clib/armsys.c                         0x00000000   Number         0  _get_argv_nomalloc.o ABSOLUTE
    ../clib/armsys.c                         0x00000000   Number         0  no_argv.o ABSOLUTE
    ../clib/armsys.c                         0x00000000   Number         0  argv_veneer.o ABSOLUTE
    ../clib/division.s                       0x00000000   Number         0  aeabi_sdiv_div0.o ABSOLUTE
    ../clib/division.s                       0x00000000   Number         0  aeabi_sdiv.o ABSOLUTE
    ../clib/division.s                       0x00000000   Number         0  rtudiv10.o ABSOLUTE
    ../clib/divrt.s                          0x00000000   Number         0  divrt_7tdmi.o ABSOLUTE
    ../clib/divrt.s                          0x00000000   Number         0  divrt_7tdmi_div0.o ABSOLUTE
    ../clib/heapalloc.c                      0x00000000   Number         0  hrguard.o ABSOLUTE
    ../clib/heapaux.c                        0x00000000   Number         0  heapauxi.o ABSOLUTE
    ../clib/libinit.s                        0x00000000   Number         0  libinit2.o ABSOLUTE
    ../clib/libinit.s                        0x00000000   Number         0  libshutdown2.o ABSOLUTE
    ../clib/libinit.s                        0x00000000   Number         0  libshutdown.o ABSOLUTE
    ../clib/libinit.s                        0x00000000   Number         0  libinit.o ABSOLUTE
    ../clib/locale.s                         0x00000000   Number         0  lc_ctype_c.o ABSOLUTE
    ../clib/memcpset.s                       0x00000000   Number         0  rt_memclr.o ABSOLUTE
    ../clib/memcpset.s                       0x00000000   Number         0  strcmp.o ABSOLUTE
    ../clib/memcpset.s                       0x00000000   Number         0  rt_memclr_w.o ABSOLUTE
    ../clib/printf.c                         0x00000000   Number         0  __2sprintf.o ABSOLUTE
    ../clib/printf.c                         0x00000000   Number         0  noretval__2sprintf.o ABSOLUTE
    ../clib/printf.c                         0x00000000   Number         0  __printf.o ABSOLUTE
    ../clib/printf.c                         0x00000000   Number         0  __printf_nopercent.o ABSOLUTE
    ../clib/printf.c                         0x00000000   Number         0  _printf_intcommon.o ABSOLUTE
    ../clib/printf.c                         0x00000000   Number         0  _printf_dec.o ABSOLUTE
    ../clib/printf.c                         0x00000000   Number         0  _printf_char_common.o ABSOLUTE
    ../clib/printf.c                         0x00000000   Number         0  __printf_ss.o ABSOLUTE
    ../clib/printf.c                         0x00000000   Number         0  __printf_flags_ss.o ABSOLUTE
    ../clib/printf.c                         0x00000000   Number         0  __printf_wp.o ABSOLUTE
    ../clib/printf.c                         0x00000000   Number         0  __printf_flags_wp.o ABSOLUTE
    ../clib/printf.c                         0x00000000   Number         0  __printf_ss_wp.o ABSOLUTE
    ../clib/printf.c                         0x00000000   Number         0  __printf_flags_ss_wp.o ABSOLUTE
    ../clib/printf.c                         0x00000000   Number         0  _sputc.o ABSOLUTE
    ../clib/printf.c                         0x00000000   Number         0  __printf_flags.o ABSOLUTE
    ../clib/printf_percent.s                 0x00000000   Number         0  _printf_d.o ABSOLUTE
    ../clib/printf_percent.s                 0x00000000   Number         0  _printf_percent.o ABSOLUTE
    ../clib/printf_percent.s                 0x00000000   Number         0  _printf_percent_end.o ABSOLUTE
    ../clib/scanf.c                          0x00000000   Number         0  strtol.o ABSOLUTE
    ../clib/scanf.c                          0x00000000   Number         0  atoi.o ABSOLUTE
    ../clib/scanf.c                          0x00000000   Number         0  _strtoul.o ABSOLUTE
    ../clib/scanf.c                          0x00000000   Number         0  _chval.o ABSOLUTE
    ../clib/signal.c                         0x00000000   Number         0  defsig_fpe_outer.o ABSOLUTE
    ../clib/signal.c                         0x00000000   Number         0  defsig_exit.o ABSOLUTE
    ../clib/signal.c                         0x00000000   Number         0  defsig_fpe_inner.o ABSOLUTE
    ../clib/signal.c                         0x00000000   Number         0  defsig_abrt_inner.o ABSOLUTE
    ../clib/signal.c                         0x00000000   Number         0  defsig_cppl_inner.o ABSOLUTE
    ../clib/signal.c                         0x00000000   Number         0  defsig_rtred_inner.o ABSOLUTE
    ../clib/signal.c                         0x00000000   Number         0  defsig_rtmem_inner.o ABSOLUTE
    ../clib/signal.c                         0x00000000   Number         0  defsig_rtmem_outer.o ABSOLUTE
    ../clib/signal.c                         0x00000000   Number         0  defsig_rtmem_formal.o ABSOLUTE
    ../clib/signal.c                         0x00000000   Number         0  __raise.o ABSOLUTE
    ../clib/signal.c                         0x00000000   Number         0  defsig_other.o ABSOLUTE
    ../clib/signal.c                         0x00000000   Number         0  defsig_fpe_formal.o ABSOLUTE
    ../clib/signal.c                         0x00000000   Number         0  defsig_stak_inner.o ABSOLUTE
    ../clib/signal.c                         0x00000000   Number         0  defsig_pvfn_inner.o ABSOLUTE
    ../clib/signal.c                         0x00000000   Number         0  defsig_segv_inner.o ABSOLUTE
    ../clib/signal.c                         0x00000000   Number         0  defsig_general.o ABSOLUTE
    ../clib/signal.s                         0x00000000   Number         0  defsig.o ABSOLUTE
    ../clib/stdlib.c                         0x00000000   Number         0  exit.o ABSOLUTE
    ../clib/string.c                         0x00000000   Number         0  strcpy.o ABSOLUTE
    ../clib/string.c                         0x00000000   Number         0  strncmp.o ABSOLUTE
    ../fplib/faddsub.s                       0x00000000   Number         0  faddsub_noclz.o ABSOLUTE
    ../fplib/fcmpi.s                         0x00000000   Number         0  fcmpi.o ABSOLUTE
    ../fplib/feqf.s                          0x00000000   Number         0  feqf.o ABSOLUTE
    ../fplib/ffix.s                          0x00000000   Number         0  ffix.o ABSOLUTE
    ../fplib/fflt.s                          0x00000000   Number         0  fflt_noclz.o ABSOLUTE
    ../fplib/fleqf.s                         0x00000000   Number         0  fleqf.o ABSOLUTE
    ../fplib/fnaninf.s                       0x00000000   Number         0  fnaninf.o ABSOLUTE
    ../fplib/fpinit.s                        0x00000000   Number         0  fpinit.o ABSOLUTE
    ../fplib/fretinf.s                       0x00000000   Number         0  fretinf.o ABSOLUTE
    ../fplib/frleqf.s                        0x00000000   Number         0  frleqf.o ABSOLUTE
    ../fplib/usenofp.s                       0x00000000   Number         0  usenofp.o ABSOLUTE
    Startup.s                                0x00000000   Number         0  startup.o ABSOLUTE
    buzzer_file.c                            0x00000000   Number         0  buzzer_file.o ABSOLUTE
    dc.s                                     0x00000000   Number         0  dc.o ABSOLUTE
    delay_file.c                             0x00000000   Number         0  delay_file.o ABSOLUTE
    interrupt_file.c                         0x00000000   Number         0  interrupt_file.o ABSOLUTE
    keypad_file.c                            0x00000000   Number         0  keypad_file.o ABSOLUTE
    lcd_file.c                               0x00000000   Number         0  lcd_file.o ABSOLUTE
    main.c                                   0x00000000   Number         0  main.o ABSOLUTE
    rf_reader_file.c                         0x00000000   Number         0  rf_reader_file.o ABSOLUTE
    uart0_file.c                             0x00000000   Number         0  uart0_file.o ABSOLUTE
    uart1_file.c                             0x00000000   Number         0  uart1_file.o ABSOLUTE
    Undef_Handler                            0x00000040   ARM Code       4  startup.o(RESET)
    SWI_Handler                              0x00000044   ARM Code       4  startup.o(RESET)
    PAbt_Handler                             0x00000048   ARM Code       4  startup.o(RESET)
    DAbt_Handler                             0x0000004c   ARM Code       4  startup.o(RESET)
    IRQ_Handler                              0x00000050   ARM Code       4  startup.o(RESET)
    FIQ_Handler                              0x00000054   ARM Code       4  startup.o(RESET)
    !!!main                                  0x00000110   Section        8  __main.o(!!!main)
    !!!scatter                               0x00000118   Section       60  __scatter.o(!!!scatter)
    !!handler_copy                           0x00000154   Section       40  __scatter_copy.o(!!handler_copy)
    !!handler_zi                             0x0000017c   Section       44  __scatter_zi.o(!!handler_zi)
    .ARM.Collect$$_printf_percent$$00000000  0x000001ac   Section        0  _printf_percent.o(.ARM.Collect$$_printf_percent$$00000000)
    .ARM.Collect$$_printf_percent$$00000009  0x000001ac   Section        8  _printf_d.o(.ARM.Collect$$_printf_percent$$00000009)
    .ARM.Collect$$_printf_percent$$00000017  0x000001b4   Section        8  _printf_percent_end.o(.ARM.Collect$$_printf_percent$$00000017)
    .ARM.Collect$$libinit$$00000000          0x000001c4   Section        2  libinit.o(.ARM.Collect$$libinit$$00000000)
    .ARM.Collect$$libinit$$00000002          0x000001c6   Section        0  libinit2.o(.ARM.Collect$$libinit$$00000002)
    .ARM.Collect$$libinit$$00000008          0x000001c6   Section        0  libinit2.o(.ARM.Collect$$libinit$$00000008)
    .ARM.Collect$$libinit$$0000000A          0x000001c6   Section        0  libinit2.o(.ARM.Collect$$libinit$$0000000A)
    .ARM.Collect$$libinit$$0000000C          0x000001c6   Section        0  libinit2.o(.ARM.Collect$$libinit$$0000000C)
    .ARM.Collect$$libinit$$0000000D          0x000001c6   Section        6  libinit2.o(.ARM.Collect$$libinit$$0000000D)
    .ARM.Collect$$libinit$$0000000F          0x000001cc   Section        0  libinit2.o(.ARM.Collect$$libinit$$0000000F)
    .ARM.Collect$$libinit$$00000010          0x000001cc   Section       12  libinit2.o(.ARM.Collect$$libinit$$00000010)
    .ARM.Collect$$libinit$$00000011          0x000001d8   Section        0  libinit2.o(.ARM.Collect$$libinit$$00000011)
    .ARM.Collect$$libinit$$00000013          0x000001d8   Section        0  libinit2.o(.ARM.Collect$$libinit$$00000013)
    .ARM.Collect$$libinit$$00000015          0x000001d8   Section        0  libinit2.o(.ARM.Collect$$libinit$$00000015)
    .ARM.Collect$$libinit$$00000017          0x000001d8   Section        0  libinit2.o(.ARM.Collect$$libinit$$00000017)
    .ARM.Collect$$libinit$$00000019          0x000001d8   Section        0  libinit2.o(.ARM.Collect$$libinit$$00000019)
    .ARM.Collect$$libinit$$0000001B          0x000001d8   Section        0  libinit2.o(.ARM.Collect$$libinit$$0000001B)
    .ARM.Collect$$libinit$$0000001D          0x000001d8   Section        0  libinit2.o(.ARM.Collect$$libinit$$0000001D)
    .ARM.Collect$$libinit$$0000001F          0x000001d8   Section        0  libinit2.o(.ARM.Collect$$libinit$$0000001F)
    .ARM.Collect$$libinit$$00000021          0x000001d8   Section        0  libinit2.o(.ARM.Collect$$libinit$$00000021)
    .ARM.Collect$$libinit$$00000023          0x000001d8   Section        0  libinit2.o(.ARM.Collect$$libinit$$00000023)
    .ARM.Collect$$libinit$$0000002A          0x000001d8   Section        0  libinit2.o(.ARM.Collect$$libinit$$0000002A)
    .ARM.Collect$$libinit$$0000002C          0x000001d8   Section        0  libinit2.o(.ARM.Collect$$libinit$$0000002C)
    .ARM.Collect$$libinit$$0000002E          0x000001d8   Section        0  libinit2.o(.ARM.Collect$$libinit$$0000002E)
    .ARM.Collect$$libinit$$00000030          0x000001d8   Section        0  libinit2.o(.ARM.Collect$$libinit$$00000030)
    .ARM.Collect$$libinit$$00000031          0x000001d8   Section       12  libinit2.o(.ARM.Collect$$libinit$$00000031)
    .ARM.Collect$$libshutdown$$00000000      0x000001ec   Section        4  libshutdown.o(.ARM.Collect$$libshutdown$$00000000)
    .ARM.Collect$$libshutdown$$00000003      0x000001f0   Section        0  libshutdown2.o(.ARM.Collect$$libshutdown$$00000003)
    .ARM.Collect$$libshutdown$$00000006      0x000001f0   Section        0  libshutdown2.o(.ARM.Collect$$libshutdown$$00000006)
    .ARM.Collect$$libshutdown$$00000009      0x000001f0   Section        0  libshutdown2.o(.ARM.Collect$$libshutdown$$00000009)
    .ARM.Collect$$libshutdown$$0000000B      0x000001f0   Section        0  libshutdown2.o(.ARM.Collect$$libshutdown$$0000000B)
    .ARM.Collect$$libshutdown$$0000000E      0x000001f0   Section        0  libshutdown2.o(.ARM.Collect$$libshutdown$$0000000E)
    .ARM.Collect$$libshutdown$$0000000F      0x000001f0   Section        6  libshutdown2.o(.ARM.Collect$$libshutdown$$0000000F)
    .ARM.Collect$$rtentry$$00000000          0x000001f8   Section        0  rtentry.o(.ARM.Collect$$rtentry$$00000000)
    .ARM.Collect$$rtentry$$00000002          0x000001f8   Section        0  rtentry2.o(.ARM.Collect$$rtentry$$00000002)
    .ARM.Collect$$rtentry$$00000004          0x000001f8   Section        8  rtentry4.o(.ARM.Collect$$rtentry$$00000004)
    .ARM.Collect$$rtentry$$00000009          0x00000200   Section        0  rtentry2.o(.ARM.Collect$$rtentry$$00000009)
    .ARM.Collect$$rtentry$$0000000A          0x00000200   Section        4  rtentry2.o(.ARM.Collect$$rtentry$$0000000A)
    .ARM.Collect$$rtentry$$0000000C          0x00000204   Section        0  rtentry2.o(.ARM.Collect$$rtentry$$0000000C)
    .ARM.Collect$$rtentry$$0000000D          0x00000204   Section       40  rtentry2.o(.ARM.Collect$$rtentry$$0000000D)
    .ARM.Collect$$rtexit$$00000000           0x00000230   Section        4  rtexit.o(.ARM.Collect$$rtexit$$00000000)
    .ARM.Collect$$rtexit$$00000002           0x00000234   Section        0  rtexit2.o(.ARM.Collect$$rtexit$$00000002)
    .ARM.Collect$$rtexit$$00000003           0x00000234   Section        4  rtexit2.o(.ARM.Collect$$rtexit$$00000003)
    .ARM.Collect$$rtexit$$00000004           0x00000238   Section        8  rtexit2.o(.ARM.Collect$$rtexit$$00000004)
    .text                                    0x00000240   Section       32  startup.o(.text)
    .text                                    0x00000260   Section        0  uart0_file.o(.text)
    .text                                    0x00000430   Section        0  uart1_file.o(.text)
    .text                                    0x00000498   Section        0  interrupt_file.o(.text)
    .text                                    0x00000780   Section        0  lcd_file.o(.text)
    .text                                    0x00000950   Section        0  keypad_file.o(.text)
    .text                                    0x00000b58   Section        0  main.o(.text)
    .text                                    0x00000bc4   Section        0  buzzer_file.o(.text)
    .text                                    0x00000c0c   Section        0  rf_reader_file.o(.text)
    .text                                    0x00001708   Section        0  delay_file.o(.text)
    .text                                    0x00001778   Section        0  noretval__2sprintf.o(.text)
    .text                                    0x000017a0   Section        0  __printf.o(.text)
    .text                                    0x00001820   Section        0  _printf_dec.o(.text)
    .text                                    0x00001898   Section        0  atoi.o(.text)
    .text                                    0x000018c0   Section        0  strcpy.o(.text)
    .text                                    0x00001918   Section        0  strncmp.o(.text)
    .text                                    0x000019b0   Section       64  rt_memclr.o(.text)
    .text                                    0x000019f0   Section      160  strcmp.o(.text)
    .text                                    0x00001a90   Section      384  aeabi_sdiv.o(.text)
    __arm_div8                               0x00001abc   ARM Code       0  aeabi_sdiv.o(.text)
    __arm_div5                               0x00001ae0   ARM Code       0  aeabi_sdiv.o(.text)
    __arm_div2                               0x00001b04   ARM Code       0  aeabi_sdiv.o(.text)
    __arm_div_large                          0x00001b40   ARM Code       0  aeabi_sdiv.o(.text)
    .text                                    0x00001c10   Section        0  heapauxi.o(.text)
    .text                                    0x00001c1c   Section       12  rt_errno_addr_intlibspace.o(.text)
    .text                                    0x00001c28   Section        0  _printf_intcommon.o(.text)
    .text                                    0x00001ce4   Section        0  _printf_char_common.o(.text)
    _printf_input_char                       0x00001ce5   Thumb Code    10  _printf_char_common.o(.text)
    .text                                    0x00001d14   Section        0  _sputc.o(.text)
    .text                                    0x00001d20   Section        0  strtol.o(.text)
    .text                                    0x00001d94   Section       84  rt_memclr_w.o(.text)
    .text                                    0x00001dec   Section       44  rtudiv10.o(.text)
    .text                                    0x00001e18   Section       12  libspace.o(.text)
    .text                                    0x00001e28   Section       24  rt_ctype_table.o(.text)
    .text                                    0x00001e40   Section        0  _strtoul.o(.text)
    .text                                    0x00001eec   Section       96  sys_stackheap_outer.o(.text)
    .text                                    0x00001f50   Section       12  rt_locale_intlibspace.o(.text)
    .text                                    0x00001f5c   Section        0  _chval.o(.text)
    .text                                    0x00001f7a   Section        0  exit.o(.text)
    .text                                    0x00001f90   Section        0  sys_exit.o(.text)
    .text                                    0x00001f9c   Section        4  use_no_semi.o(.text)
    .text                                    0x00001fa0   Section        0  indicate_semi.o(.text)
    i.__ARM_common_call_via_r1               0x00001fa0   Section        0  __printf.o(i.__ARM_common_call_via_r1)
    i.__ARM_common_call_via_r2               0x00001fa2   Section        0  __printf.o(i.__ARM_common_call_via_r2)
    locale$$code                             0x00001fa8   Section       80  lc_ctype_c.o(locale$$code)
    x$fpl$fadd                               0x00001ff8   Section      196  faddsub_noclz.o(x$fpl$fadd)
    _fadd1                                   0x00002004   ARM Code       0  faddsub_noclz.o(x$fpl$fadd)
    x$fpl$fcmpinf                            0x000020bc   Section       28  fcmpi.o(x$fpl$fcmpinf)
    x$fpl$feqf                               0x000020d8   Section      132  feqf.o(x$fpl$feqf)
    x$fpl$ffix                               0x0000215c   Section       68  ffix.o(x$fpl$ffix)
    x$fpl$fflt                               0x000021a0   Section       92  fflt_noclz.o(x$fpl$fflt)
    x$fpl$fleqf                              0x000021fc   Section      132  fleqf.o(x$fpl$fleqf)
    x$fpl$fnaninf                            0x00002280   Section      168  fnaninf.o(x$fpl$fnaninf)
    x$fpl$fretinf                            0x00002328   Section       16  fretinf.o(x$fpl$fretinf)
    x$fpl$frleqf                             0x00002338   Section      124  frleqf.o(x$fpl$frleqf)
    x$fpl$fsub                               0x000023b4   Section      304  faddsub_noclz.o(x$fpl$fsub)
    _fsub1                                   0x000023c0   ARM Code       0  faddsub_noclz.o(x$fpl$fsub)
    x$fpl$usenofp                            0x000024e4   Section        0  usenofp.o(x$fpl$usenofp)
    locale$$data                             0x00002504   Section      272  lc_ctype_c.o(locale$$data)
    __lcctype_c_name                         0x00002508   Data           2  lc_ctype_c.o(locale$$data)
    __lcctype_c_start                        0x00002510   Data           0  lc_ctype_c.o(locale$$data)
    __lcctype_c_end                          0x00002614   Data           0  lc_ctype_c.o(locale$$data)
    .data                                    0x40000000   Section        4  uart0_file.o(.data)
    i                                        0x40000000   Data           4  uart0_file.o(.data)
    .data                                    0x40000004   Section       24  interrupt_file.o(.data)
    .data                                    0x4000001c   Section       64  keypad_file.o(.data)
    .data                                    0x4000005c   Section       20  rf_reader_file.o(.data)
    role                                     0x40000068   Data           4  rf_reader_file.o(.data)
    count                                    0x4000006c   Data           4  rf_reader_file.o(.data)
    .bss                                     0x40000070   Section      120  interrupt_file.o(.bss)
    .bss                                     0x400000e8   Section       96  libspace.o(.bss)
    HEAP                                     0x40000148   Section        0  startup.o(HEAP)
    STACK                                    0x40000148   Section     1160  startup.o(STACK)
    Heap_Mem                                 0x40000148   Data           0  startup.o(HEAP)
    Stack_Mem                                0x40000148   Data        1024  startup.o(STACK)
    Stack_Top                                0x400005d0   Data           0  startup.o(STACK)

    Global Symbols

    Symbol Name                              Value     Ov Type        Size  Object(Section)

    BuildAttributes$$THM_ISAv1$ARM_ISAv4$S$PE$A:L22$X:L11$S22$IEEE1$IW$USESV6$~STKCKD$USESV7$~SHL$OSPACE$ROPI$EBA8$UX$STANDARDLIB$REQ8$PRES8$EABIv2 0x00000000   Number         0  anon$$obj.o ABSOLUTE
    __ARM_use_no_argv                        0x00000000   Number         0  main.o ABSOLUTE
    __ARM_exceptions_init                     - Undefined Weak Reference
    __alloca_initialize                       - Undefined Weak Reference
    __cpp_initialize__aeabi_                  - Undefined Weak Reference
    __cxa_finalize                            - Undefined Weak Reference
    __sigvec_lookup                           - Undefined Weak Reference
    _atexit_init                              - Undefined Weak Reference
    _call_atexit_fns                          - Undefined Weak Reference
    _clock_init                               - Undefined Weak Reference
    _fp_trap_init                             - Undefined Weak Reference
    _fp_trap_shutdown                         - Undefined Weak Reference
    _get_lc_collate                           - Undefined Weak Reference
    _get_lc_monetary                          - Undefined Weak Reference
    _get_lc_numeric                           - Undefined Weak Reference
    _get_lc_time                              - Undefined Weak Reference
    _getenv_init                              - Undefined Weak Reference
    _handle_redirection                       - Undefined Weak Reference
    _init_alloc                               - Undefined Weak Reference
    _init_user_alloc                          - Undefined Weak Reference
    _initio                                   - Undefined Weak Reference
    _printf_post_padding                      - Undefined Weak Reference
    _printf_pre_padding                       - Undefined Weak Reference
    _printf_truncate_signed                   - Undefined Weak Reference
    _printf_truncate_unsigned                 - Undefined Weak Reference
    _rand_init                                - Undefined Weak Reference
    _signal_finish                            - Undefined Weak Reference
    _signal_init                              - Undefined Weak Reference
    _terminate_alloc                          - Undefined Weak Reference
    _terminate_user_alloc                     - Undefined Weak Reference
    _terminateio                              - Undefined Weak Reference
    Reset_Handler                            0x00000058   ARM Code       0  startup.o(RESET)
    __main                                   0x00000110   ARM Code       8  __main.o(!!!main)
    __scatterload                            0x00000118   ARM Code       0  __scatter.o(!!!scatter)
    __scatterload_rt2                        0x00000118   ARM Code      52  __scatter.o(!!!scatter)
    __scatterload_null                       0x0000012c   ARM Code       0  __scatter.o(!!!scatter)
    __scatterload_copy                       0x00000154   ARM Code      40  __scatter_copy.o(!!handler_copy)
    __scatterload_zeroinit                   0x0000017c   ARM Code      44  __scatter_zi.o(!!handler_zi)
    Inline Thumb to ARM Veneer to _printf_percent 0x000001a9   Thumb Code     4  _printf_percent.o(.ARM.Collect$$_printf_percent$$00000000)
    _printf_d                                0x000001ac   ARM Code       0  _printf_d.o(.ARM.Collect$$_printf_percent$$00000009)
    _printf_percent                          0x000001ac   ARM Code       0  _printf_percent.o(.ARM.Collect$$_printf_percent$$00000000)
    _printf_percent_end                      0x000001b4   ARM Code       0  _printf_percent_end.o(.ARM.Collect$$_printf_percent$$00000017)
    Inline ARM to Thumb Veneer to __rt_lib_init 0x000001bc   ARM Code       8  libinit.o(.ARM.Collect$$libinit$$00000000)
    __rt_lib_init                            0x000001c5   Thumb Code     0  libinit.o(.ARM.Collect$$libinit$$00000000)
    __rt_lib_init_fp_1                       0x000001c7   Thumb Code     0  libinit2.o(.ARM.Collect$$libinit$$00000002)
    __rt_lib_init_heap_1                     0x000001c7   Thumb Code     0  libinit2.o(.ARM.Collect$$libinit$$00000008)
    __rt_lib_init_lc_common                  0x000001c7   Thumb Code     0  libinit2.o(.ARM.Collect$$libinit$$0000000D)
    __rt_lib_init_rand_1                     0x000001c7   Thumb Code     0  libinit2.o(.ARM.Collect$$libinit$$0000000C)
    __rt_lib_init_user_alloc_1               0x000001c7   Thumb Code     0  libinit2.o(.ARM.Collect$$libinit$$0000000A)
    __rt_lib_init_lc_collate_1               0x000001cd   Thumb Code     0  libinit2.o(.ARM.Collect$$libinit$$0000000F)
    __rt_lib_init_lc_ctype_2                 0x000001cd   Thumb Code     0  libinit2.o(.ARM.Collect$$libinit$$00000010)
    __rt_lib_init_alloca_1                   0x000001d9   Thumb Code     0  libinit2.o(.ARM.Collect$$libinit$$0000002C)
    __rt_lib_init_argv_1                     0x000001d9   Thumb Code     0  libinit2.o(.ARM.Collect$$libinit$$0000002A)
    __rt_lib_init_atexit_1                   0x000001d9   Thumb Code     0  libinit2.o(.ARM.Collect$$libinit$$00000019)
    __rt_lib_init_clock_1                    0x000001d9   Thumb Code     0  libinit2.o(.ARM.Collect$$libinit$$0000001F)
    __rt_lib_init_cpp_1                      0x000001d9   Thumb Code     0  libinit2.o(.ARM.Collect$$libinit$$00000030)
    __rt_lib_init_exceptions_1               0x000001d9   Thumb Code     0  libinit2.o(.ARM.Collect$$libinit$$0000002E)
    __rt_lib_init_fp_trap_1                  0x000001d9   Thumb Code     0  libinit2.o(.ARM.Collect$$libinit$$0000001D)
    __rt_lib_init_getenv_1                   0x000001d9   Thumb Code     0  libinit2.o(.ARM.Collect$$libinit$$00000021)
    __rt_lib_init_lc_ctype_1                 0x000001d9   Thumb Code     0  libinit2.o(.ARM.Collect$$libinit$$00000011)
    __rt_lib_init_lc_monetary_1              0x000001d9   Thumb Code     0  libinit2.o(.ARM.Collect$$libinit$$00000013)
    __rt_lib_init_lc_numeric_1               0x000001d9   Thumb Code     0  libinit2.o(.ARM.Collect$$libinit$$00000015)
    __rt_lib_init_lc_time_1                  0x000001d9   Thumb Code     0  libinit2.o(.ARM.Collect$$libinit$$00000017)
    __rt_lib_init_return                     0x000001d9   Thumb Code     0  libinit2.o(.ARM.Collect$$libinit$$00000031)
    __rt_lib_init_signal_1                   0x000001d9   Thumb Code     0  libinit2.o(.ARM.Collect$$libinit$$0000001B)
    __rt_lib_init_stdio_1                    0x000001d9   Thumb Code     0  libinit2.o(.ARM.Collect$$libinit$$00000023)
    Inline ARM to Thumb Veneer to __rt_lib_shutdown 0x000001e4   ARM Code       8  libshutdown.o(.ARM.Collect$$libshutdown$$00000000)
    __rt_lib_shutdown                        0x000001ed   Thumb Code     0  libshutdown.o(.ARM.Collect$$libshutdown$$00000000)
    __rt_lib_shutdown_fp_trap_1              0x000001f1   Thumb Code     0  libshutdown2.o(.ARM.Collect$$libshutdown$$00000006)
    __rt_lib_shutdown_heap_1                 0x000001f1   Thumb Code     0  libshutdown2.o(.ARM.Collect$$libshutdown$$0000000E)
    __rt_lib_shutdown_return                 0x000001f1   Thumb Code     0  libshutdown2.o(.ARM.Collect$$libshutdown$$0000000F)
    __rt_lib_shutdown_signal_1               0x000001f1   Thumb Code     0  libshutdown2.o(.ARM.Collect$$libshutdown$$00000009)
    __rt_lib_shutdown_stdio_1                0x000001f1   Thumb Code     0  libshutdown2.o(.ARM.Collect$$libshutdown$$00000003)
    __rt_lib_shutdown_user_alloc_1           0x000001f1   Thumb Code     0  libshutdown2.o(.ARM.Collect$$libshutdown$$0000000B)
    __rt_entry                               0x000001f8   ARM Code       0  rtentry.o(.ARM.Collect$$rtentry$$00000000)
    __rt_entry_presh_1                       0x000001f8   ARM Code       0  rtentry2.o(.ARM.Collect$$rtentry$$00000002)
    __rt_entry_sh                            0x000001f8   ARM Code       0  rtentry4.o(.ARM.Collect$$rtentry$$00000004)
    __rt_entry_li                            0x00000200   ARM Code       0  rtentry2.o(.ARM.Collect$$rtentry$$0000000A)
    __rt_entry_postsh_1                      0x00000200   ARM Code       0  rtentry2.o(.ARM.Collect$$rtentry$$00000009)
    __rt_entry_main                          0x00000204   ARM Code       0  rtentry2.o(.ARM.Collect$$rtentry$$0000000D)
    __rt_entry_postli_1                      0x00000204   ARM Code       0  rtentry2.o(.ARM.Collect$$rtentry$$0000000C)
    Inline Thumb to ARM Veneer to __rt_exit  0x0000022d   Thumb Code     4  rtexit.o(.ARM.Collect$$rtexit$$00000000)
    __rt_exit                                0x00000230   ARM Code       0  rtexit.o(.ARM.Collect$$rtexit$$00000000)
    __rt_exit_ls                             0x00000234   ARM Code       0  rtexit2.o(.ARM.Collect$$rtexit$$00000003)
    __rt_exit_prels_1                        0x00000234   ARM Code       0  rtexit2.o(.ARM.Collect$$rtexit$$00000002)
    __rt_exit_exit                           0x00000238   ARM Code       0  rtexit2.o(.ARM.Collect$$rtexit$$00000004)
    __user_initial_stackheap                 0x00000240   ARM Code       0  startup.o(.text)
    initUart0                                0x00000260   ARM Code      84  uart0_file.o(.text)
    uart0_txchar                             0x000002b4   ARM Code      52  uart0_file.o(.text)
    uart0_txstring                           0x000002e8   ARM Code      40  uart0_file.o(.text)
    uart0_rxchar                             0x00000310   ARM Code      32  uart0_file.o(.text)
    uart0_rxstring                           0x00000330   ARM Code      68  uart0_file.o(.text)
    uart0_flush                              0x00000374   ARM Code      48  uart0_file.o(.text)
    uart0_data_available                     0x000003a4   ARM Code      16  uart0_file.o(.text)
    uart0_rxstring_nonblocking               0x000003b4   ARM Code     112  uart0_file.o(.text)
    initUart1                                0x00000430   ARM Code     100  uart1_file.o(.text)
    UART0_ISR                                0x00000498   ARM Code     152  interrupt_file.o(.text)
    exit_isr                                 0x00000530   ARM Code      44  interrupt_file.o(.text)
    delete_isr                               0x0000055c   ARM Code      44  interrupt_file.o(.text)
    entry_isr                                0x00000588   ARM Code      40  interrupt_file.o(.text)
    uart1_isr                                0x000005b0   ARM Code     192  interrupt_file.o(.text)
    init_interrupt                           0x00000670   ARM Code     212  interrupt_file.o(.text)
    writeLCD                                 0x00000780   ARM Code      80  lcd_file.o(.text)
    charLCD                                  0x000007d0   ARM Code      36  lcd_file.o(.text)
    cmdLCD                                   0x000007f4   ARM Code      36  lcd_file.o(.text)
    initLCD                                  0x00000818   ARM Code     116  lcd_file.o(.text)
    stringLCD                                0x0000088c   ARM Code      40  lcd_file.o(.text)
    numberLCD                                0x000008b4   ARM Code     148  lcd_file.o(.text)
    initKPM                                  0x00000950   ARM Code      24  keypad_file.o(.text)
    colSCAN                                  0x00000968   ARM Code      40  keypad_file.o(.text)
    rowCHECK                                 0x00000990   ARM Code     108  keypad_file.o(.text)
    colCHECK                                 0x000009fc   ARM Code      56  keypad_file.o(.text)
    keySCAN                                  0x00000a34   ARM Code      84  keypad_file.o(.text)
    keyySCAN                                 0x00000a88   ARM Code      60  keypad_file.o(.text)
    is_keyPressed                            0x00000ac4   ARM Code      36  keypad_file.o(.text)
    multiple_digit                           0x00000ae8   ARM Code     104  keypad_file.o(.text)
    main                                     0x00000b58   ARM Code      84  main.o(.text)
    buzzer_init                              0x00000bc4   ARM Code      24  buzzer_file.o(.text)
    buzzer_on                                0x00000bdc   ARM Code      44  buzzer_file.o(.text)
    get_amount                               0x00000c0c   ARM Code     160  rf_reader_file.o(.text)
    clear_buffer_and_int_convert_to_string   0x00000cac   ARM Code      52  rf_reader_file.o(.text)
    clear_buffer_and_receive_uart0_string    0x00000ce0   ARM Code      44  rf_reader_file.o(.text)
    uart0_recv_intr                          0x00000d0c   ARM Code      72  rf_reader_file.o(.text)
    display_thank                            0x00000d54   ARM Code      68  rf_reader_file.o(.text)
    processRFID                              0x00000d98   ARM Code    2416  rf_reader_file.o(.text)
    delay_US                                 0x00001708   ARM Code      32  delay_file.o(.text)
    delay_MS                                 0x00001728   ARM Code      32  delay_file.o(.text)
    delay_S                                  0x00001748   ARM Code      32  delay_file.o(.text)
    Inline ARM to Thumb Veneer to __2sprintf 0x00001770   ARM Code       8  noretval__2sprintf.o(.text)
    __2sprintf                               0x00001779   Thumb Code    36  noretval__2sprintf.o(.text)
    __printf                                 0x000017a1   Thumb Code   118  __printf.o(.text)
    Inline ARM to Thumb Veneer to _printf_int_dec 0x00001818   ARM Code       8  _printf_dec.o(.text)
    _printf_int_dec                          0x00001821   Thumb Code    94  _printf_dec.o(.text)
    Inline ARM to Thumb Veneer to atoi       0x00001890   ARM Code       8  atoi.o(.text)
    atoi                                     0x00001899   Thumb Code    30  atoi.o(.text)
    Inline ARM to Thumb Veneer to strcpy     0x000018b8   ARM Code       8  strcpy.o(.text)
    strcpy                                   0x000018c1   Thumb Code    74  strcpy.o(.text)
    Inline ARM to Thumb Veneer to strncmp    0x00001910   ARM Code       8  strncmp.o(.text)
    strncmp                                  0x00001919   Thumb Code   146  strncmp.o(.text)
    __aeabi_memclr                           0x000019b0   ARM Code       0  rt_memclr.o(.text)
    __rt_memclr                              0x000019b0   ARM Code      64  rt_memclr.o(.text)
    _memset                                  0x000019b4   ARM Code       0  rt_memclr.o(.text)
    strcmp                                   0x000019f0   ARM Code     156  strcmp.o(.text)
    __aeabi_idiv                             0x00001a90   ARM Code       0  aeabi_sdiv.o(.text)
    __aeabi_idivmod                          0x00001a90   ARM Code     384  aeabi_sdiv.o(.text)
    __use_two_region_memory                  0x00001c11   Thumb Code     2  heapauxi.o(.text)
    __rt_heap_escrow$2region                 0x00001c13   Thumb Code     2  heapauxi.o(.text)
    __rt_heap_expand$2region                 0x00001c15   Thumb Code     2  heapauxi.o(.text)
    Inline Thumb to ARM Veneer to __aeabi_errno_addr 0x00001c19   Thumb Code     4  rt_errno_addr_intlibspace.o(.text)
    __aeabi_errno_addr                       0x00001c1c   ARM Code      12  rt_errno_addr_intlibspace.o(.text)
    __errno$intlibspace                      0x00001c1c   ARM Code       0  rt_errno_addr_intlibspace.o(.text)
    __rt_errno_addr$intlibspace              0x00001c1c   ARM Code       0  rt_errno_addr_intlibspace.o(.text)
    _printf_int_common                       0x00001c29   Thumb Code   186  _printf_intcommon.o(.text)
    _printf_char_common                      0x00001cef   Thumb Code    34  _printf_char_common.o(.text)
    _sputc                                   0x00001d15   Thumb Code    10  _sputc.o(.text)
    strtol                                   0x00001d21   Thumb Code   112  strtol.o(.text)
    __aeabi_memclr4                          0x00001d94   ARM Code       0  rt_memclr_w.o(.text)
    __aeabi_memclr8                          0x00001d94   ARM Code       0  rt_memclr_w.o(.text)
    __rt_memclr_w                            0x00001d94   ARM Code      84  rt_memclr_w.o(.text)
    _memset_w                                0x00001d98   ARM Code       0  rt_memclr_w.o(.text)
    Inline Thumb to ARM Veneer to __rt_udiv10 0x00001de9   Thumb Code     4  rtudiv10.o(.text)
    __rt_udiv10                              0x00001dec   ARM Code      44  rtudiv10.o(.text)
    __user_libspace                          0x00001e18   ARM Code      12  libspace.o(.text)
    __user_perproc_libspace                  0x00001e18   ARM Code       0  libspace.o(.text)
    __user_perthread_libspace                0x00001e18   ARM Code       0  libspace.o(.text)
    Inline Thumb to ARM Veneer to __rt_ctype_table 0x00001e25   Thumb Code     4  rt_ctype_table.o(.text)
    __rt_ctype_table                         0x00001e28   ARM Code      24  rt_ctype_table.o(.text)
    _strtoul                                 0x00001e41   Thumb Code   172  _strtoul.o(.text)
    __user_setup_stackheap                   0x00001eec   ARM Code      96  sys_stackheap_outer.o(.text)
    Inline Thumb to ARM Veneer to __rt_locale 0x00001f4d   Thumb Code     4  rt_locale_intlibspace.o(.text)
    __rt_locale                              0x00001f50   ARM Code      12  rt_locale_intlibspace.o(.text)
    _chval                                   0x00001f5d   Thumb Code    30  _chval.o(.text)
    exit                                     0x00001f7b   Thumb Code    12  exit.o(.text)
    Inline ARM to Thumb Veneer to _sys_exit  0x00001f88   ARM Code       8  sys_exit.o(.text)
    _sys_exit                                0x00001f91   Thumb Code     8  sys_exit.o(.text)
    __I$use$semihosting                      0x00001f9c   ARM Code       0  use_no_semi.o(.text)
    __use_no_semihosting_swi                 0x00001f9c   ARM Code       4  use_no_semi.o(.text)
    __ARM_common_call_via_r1                 0x00001fa1   Thumb Code     2  __printf.o(i.__ARM_common_call_via_r1)
    __semihosting_library_function           0x00001fa0   ARM Code       0  indicate_semi.o(.text)
    __ARM_common_call_via_r2                 0x00001fa3   Thumb Code     2  __printf.o(i.__ARM_common_call_via_r2)
    Inline Thumb to ARM Veneer to _get_lc_ctype 0x00001fa5   Thumb Code     4  lc_ctype_c.o(locale$$code)
    _get_lc_ctype                            0x00001fa8   ARM Code      80  lc_ctype_c.o(locale$$code)
    __aeabi_fadd                             0x00001ff8   ARM Code       0  faddsub_noclz.o(x$fpl$fadd)
    _fadd                                    0x00001ff8   ARM Code     196  faddsub_noclz.o(x$fpl$fadd)
    __fpl_fcmp_Inf                           0x000020bc   ARM Code      28  fcmpi.o(x$fpl$fcmpinf)
    __aeabi_cfcmpeq                          0x000020d8   ARM Code       0  feqf.o(x$fpl$feqf)
    _fcmpeq                                  0x000020d8   ARM Code     132  feqf.o(x$fpl$feqf)
    __aeabi_f2iz                             0x0000215c   ARM Code       0  ffix.o(x$fpl$ffix)
    _ffix                                    0x0000215c   ARM Code      68  ffix.o(x$fpl$ffix)
    __aeabi_i2f                              0x000021a0   ARM Code       0  fflt_noclz.o(x$fpl$fflt)
    _fflt                                    0x000021a0   ARM Code      92  fflt_noclz.o(x$fpl$fflt)
    __fflt_normalise                         0x000021ac   ARM Code       0  fflt_noclz.o(x$fpl$fflt)
    __aeabi_cfcmple                          0x000021fc   ARM Code       0  fleqf.o(x$fpl$fleqf)
    _fcmple                                  0x000021fc   ARM Code     132  fleqf.o(x$fpl$fleqf)
    __fpl_fcmple_InfNaN                      0x00002268   ARM Code       0  fleqf.o(x$fpl$fleqf)
    __fpl_fnaninf                            0x00002280   ARM Code     168  fnaninf.o(x$fpl$fnaninf)
    __fpl_fretinf                            0x00002328   ARM Code      16  fretinf.o(x$fpl$fretinf)
    __aeabi_cfrcmple                         0x00002338   ARM Code       0  frleqf.o(x$fpl$frleqf)
    _frcmple                                 0x00002338   ARM Code     124  frleqf.o(x$fpl$frleqf)
    __aeabi_fsub                             0x000023b4   ARM Code       0  faddsub_noclz.o(x$fpl$fsub)
    _fsub                                    0x000023b4   ARM Code     304  faddsub_noclz.o(x$fpl$fsub)
    Region$$Table$$Base                      0x000024e4   Number         0  anon$$obj.o(Region$$Table)
    __I$use$fp                               0x000024e4   Number         0  usenofp.o(x$fpl$usenofp)
    Region$$Table$$Limit                     0x00002504   Number         0  anon$$obj.o(Region$$Table)
    __ctype                                  0x00002511   Data           0  lc_ctype_c.o(locale$$data)
    uart1_index                              0x40000004   Data           4  interrupt_file.o(.data)
    uart1_ready                              0x40000008   Data           4  interrupt_file.o(.data)
    uart0_index                              0x4000000c   Data           4  interrupt_file.o(.data)
    uart0_ready                              0x40000010   Data           4  interrupt_file.o(.data)
    i                                        0x40000014   Data           1  interrupt_file.o(.data)
    ch                                       0x40000015   Data           1  interrupt_file.o(.data)
    dummy                                    0x40000016   Data           1  interrupt_file.o(.data)
    card_flag                                0x40000018   Data           4  interrupt_file.o(.data)
    arr                                      0x4000001c   Data          64  keypad_file.o(.data)
    entry_mode                               0x4000005c   Data           4  rf_reader_file.o(.data)
    delete_mode                              0x40000060   Data           4  rf_reader_file.o(.data)
    exit_mode                                0x40000064   Data           4  rf_reader_file.o(.data)
    uart1_buffer                             0x40000070   Data          20  interrupt_file.o(.bss)
    uart0_buffer                             0x40000084   Data         100  interrupt_file.o(.bss)
    __libspace_start                         0x400000e8   Data          96  libspace.o(.bss)
    __temporary_stack_top$libspace           0x40000148   Data           0  libspace.o(.bss)



==============================================================================

Memory Map of the image

  Image Entry point : 0x00000110

  Load Region LR_IROM1 (Base: 0x00000000, Size: 0x00002684, Max: 0x00080000, ABSOLUTE)

    Execution Region ER_IROM1 (Base: 0x00000000, Size: 0x00002614, Max: 0x00080000, ABSOLUTE)

    Base Addr    Size         Type   Attr      Idx    E Section Name        Object

    0x00000000   0x00000110   Code   RO            3    RESET               startup.o
    0x00000110   0x00000008   Code   RO          237  * !!!main             c_t.l(__main.o)
    0x00000118   0x0000003c   Code   RO          466    !!!scatter          c_t.l(__scatter.o)
    0x00000154   0x00000028   Code   RO          468    !!handler_copy      c_t.l(__scatter_copy.o)
    0x0000017c   0x0000002c   Code   RO          470    !!handler_zi        c_t.l(__scatter_zi.o)
    0x000001a8   0x00000004   Ven    RO          208    .ARM.Collect$$_printf_percent$$00000000  c_t.l(_printf_percent.o)
    0x000001ac   0x00000000   Code   RO          208    .ARM.Collect$$_printf_percent$$00000000  c_t.l(_printf_percent.o)
    0x000001ac   0x00000008   Code   RO          207    .ARM.Collect$$_printf_percent$$00000009  c_t.l(_printf_d.o)
    0x000001b4   0x00000008   Code   RO          275    .ARM.Collect$$_printf_percent$$00000017  c_t.l(_printf_percent_end.o)
    0x000001bc   0x00000008   Ven    RO          342    .ARM.Collect$$libinit$$00000000  c_t.l(libinit.o)
    0x000001c4   0x00000002   Code   RO          342    .ARM.Collect$$libinit$$00000000  c_t.l(libinit.o)
    0x000001c6   0x00000000   Code   RO          352    .ARM.Collect$$libinit$$00000002  c_t.l(libinit2.o)
    0x000001c6   0x00000000   Code   RO          355    .ARM.Collect$$libinit$$00000008  c_t.l(libinit2.o)
    0x000001c6   0x00000000   Code   RO          357    .ARM.Collect$$libinit$$0000000A  c_t.l(libinit2.o)
    0x000001c6   0x00000000   Code   RO          359    .ARM.Collect$$libinit$$0000000C  c_t.l(libinit2.o)
    0x000001c6   0x00000006   Code   RO          360    .ARM.Collect$$libinit$$0000000D  c_t.l(libinit2.o)
    0x000001cc   0x00000000   Code   RO          362    .ARM.Collect$$libinit$$0000000F  c_t.l(libinit2.o)
    0x000001cc   0x0000000c   Code   RO          363    .ARM.Collect$$libinit$$00000010  c_t.l(libinit2.o)
    0x000001d8   0x00000000   Code   RO          364    .ARM.Collect$$libinit$$00000011  c_t.l(libinit2.o)
    0x000001d8   0x00000000   Code   RO          366    .ARM.Collect$$libinit$$00000013  c_t.l(libinit2.o)
    0x000001d8   0x00000000   Code   RO          368    .ARM.Collect$$libinit$$00000015  c_t.l(libinit2.o)
    0x000001d8   0x00000000   Code   RO          370    .ARM.Collect$$libinit$$00000017  c_t.l(libinit2.o)
    0x000001d8   0x00000000   Code   RO          372    .ARM.Collect$$libinit$$00000019  c_t.l(libinit2.o)
    0x000001d8   0x00000000   Code   RO          374    .ARM.Collect$$libinit$$0000001B  c_t.l(libinit2.o)
    0x000001d8   0x00000000   Code   RO          376    .ARM.Collect$$libinit$$0000001D  c_t.l(libinit2.o)
    0x000001d8   0x00000000   Code   RO          378    .ARM.Collect$$libinit$$0000001F  c_t.l(libinit2.o)
    0x000001d8   0x00000000   Code   RO          380    .ARM.Collect$$libinit$$00000021  c_t.l(libinit2.o)
    0x000001d8   0x00000000   Code   RO          382    .ARM.Collect$$libinit$$00000023  c_t.l(libinit2.o)
    0x000001d8   0x00000000   Code   RO          386    .ARM.Collect$$libinit$$0000002A  c_t.l(libinit2.o)
    0x000001d8   0x00000000   Code   RO          388    .ARM.Collect$$libinit$$0000002C  c_t.l(libinit2.o)
    0x000001d8   0x00000000   Code   RO          390    .ARM.Collect$$libinit$$0000002E  c_t.l(libinit2.o)
    0x000001d8   0x00000000   Code   RO          392    .ARM.Collect$$libinit$$00000030  c_t.l(libinit2.o)
    0x000001d8   0x0000000c   Code   RO          393    .ARM.Collect$$libinit$$00000031  c_t.l(libinit2.o)
    0x000001e4   0x00000008   Ven    RO          424    .ARM.Collect$$libshutdown$$00000000  c_t.l(libshutdown.o)
    0x000001ec   0x00000004   Code   RO          424    .ARM.Collect$$libshutdown$$00000000  c_t.l(libshutdown.o)
    0x000001f0   0x00000000   Code   RO          451    .ARM.Collect$$libshutdown$$00000003  c_t.l(libshutdown2.o)
    0x000001f0   0x00000000   Code   RO          454    .ARM.Collect$$libshutdown$$00000006  c_t.l(libshutdown2.o)
    0x000001f0   0x00000000   Code   RO          457    .ARM.Collect$$libshutdown$$00000009  c_t.l(libshutdown2.o)
    0x000001f0   0x00000000   Code   RO          459    .ARM.Collect$$libshutdown$$0000000B  c_t.l(libshutdown2.o)
    0x000001f0   0x00000000   Code   RO          462    .ARM.Collect$$libshutdown$$0000000E  c_t.l(libshutdown2.o)
    0x000001f0   0x00000006   Code   RO          463    .ARM.Collect$$libshutdown$$0000000F  c_t.l(libshutdown2.o)
    0x000001f6   0x00000002   PAD
    0x000001f8   0x00000000   Code   RO          259    .ARM.Collect$$rtentry$$00000000  c_t.l(rtentry.o)
    0x000001f8   0x00000000   Code   RO          293    .ARM.Collect$$rtentry$$00000002  c_t.l(rtentry2.o)
    0x000001f8   0x00000008   Code   RO          305    .ARM.Collect$$rtentry$$00000004  c_t.l(rtentry4.o)
    0x00000200   0x00000000   Code   RO          295    .ARM.Collect$$rtentry$$00000009  c_t.l(rtentry2.o)
    0x00000200   0x00000004   Code   RO          296    .ARM.Collect$$rtentry$$0000000A  c_t.l(rtentry2.o)
    0x00000204   0x00000000   Code   RO          298    .ARM.Collect$$rtentry$$0000000C  c_t.l(rtentry2.o)
    0x00000204   0x00000028   Code   RO          299    .ARM.Collect$$rtentry$$0000000D  c_t.l(rtentry2.o)
    0x0000022c   0x00000004   Ven    RO          343    .ARM.Collect$$rtexit$$00000000  c_t.l(rtexit.o)
    0x00000230   0x00000004   Code   RO          343    .ARM.Collect$$rtexit$$00000000  c_t.l(rtexit.o)
    0x00000234   0x00000000   Code   RO          397    .ARM.Collect$$rtexit$$00000002  c_t.l(rtexit2.o)
    0x00000234   0x00000004   Code   RO          398    .ARM.Collect$$rtexit$$00000003  c_t.l(rtexit2.o)
    0x00000238   0x00000008   Code   RO          399    .ARM.Collect$$rtexit$$00000004  c_t.l(rtexit2.o)
    0x00000240   0x00000020   Code   RO            4    .text               startup.o
    0x00000260   0x000001d0   Code   RO           11    .text               uart0_file.o
    0x00000430   0x00000068   Code   RO           41    .text               uart1_file.o
    0x00000498   0x000002e8   Code   RO           56    .text               interrupt_file.o
    0x00000780   0x000001d0   Code   RO           76    .text               lcd_file.o
    0x00000950   0x00000208   Code   RO           91    .text               keypad_file.o
    0x00000b58   0x0000006c   Code   RO          109    .text               main.o
    0x00000bc4   0x00000048   Code   RO          130    .text               buzzer_file.o
    0x00000c0c   0x00000afc   Code   RO          142    .text               rf_reader_file.o
    0x00001708   0x00000068   Code   RO          161    .text               delay_file.o
    0x00001770   0x00000008   Ven    RO          177    .text               c_t.l(noretval__2sprintf.o)
    0x00001778   0x00000028   Code   RO          177    .text               c_t.l(noretval__2sprintf.o)
    0x000017a0   0x00000076   Code   RO          179    .text               c_t.l(__printf.o)
    0x00001816   0x00000002   PAD
    0x00001818   0x00000008   Ven    RO          185    .text               c_t.l(_printf_dec.o)
    0x00001820   0x00000070   Code   RO          185    .text               c_t.l(_printf_dec.o)
    0x00001890   0x00000008   Ven    RO          209    .text               c_t.l(atoi.o)
    0x00001898   0x0000001e   Code   RO          209    .text               c_t.l(atoi.o)
    0x000018b6   0x00000002   PAD
    0x000018b8   0x00000008   Ven    RO          211    .text               c_t.l(strcpy.o)
    0x000018c0   0x00000050   Code   RO          211    .text               c_t.l(strcpy.o)
    0x00001910   0x00000008   Ven    RO          213    .text               c_t.l(strncmp.o)
    0x00001918   0x00000098   Code   RO          213    .text               c_t.l(strncmp.o)
    0x000019b0   0x00000040   Code   RO          215    .text               c_t.l(rt_memclr.o)
    0x000019f0   0x000000a0   Code   RO          217    .text               c_t.l(strcmp.o)
    0x00001a90   0x00000180   Code   RO          219    .text               c_t.l(aeabi_sdiv.o)
    0x00001c10   0x00000006   Code   RO          235    .text               c_t.l(heapauxi.o)
    0x00001c16   0x00000002   PAD
    0x00001c18   0x00000004   Ven    RO          267    .text               c_t.l(rt_errno_addr_intlibspace.o)
    0x00001c1c   0x0000000c   Code   RO          267    .text               c_t.l(rt_errno_addr_intlibspace.o)
    0x00001c28   0x000000ba   Code   RO          269    .text               c_t.l(_printf_intcommon.o)
    0x00001ce2   0x00000002   PAD
    0x00001ce4   0x00000030   Code   RO          271    .text               c_t.l(_printf_char_common.o)
    0x00001d14   0x0000000a   Code   RO          273    .text               c_t.l(_sputc.o)
    0x00001d1e   0x00000002   PAD
    0x00001d20   0x00000074   Code   RO          276    .text               c_t.l(strtol.o)
    0x00001d94   0x00000054   Code   RO          278    .text               c_t.l(rt_memclr_w.o)
    0x00001de8   0x00000004   Ven    RO          280    .text               c_t.l(rtudiv10.o)
    0x00001dec   0x0000002c   Code   RO          280    .text               c_t.l(rtudiv10.o)
    0x00001e18   0x0000000c   Code   RO          289    .text               c_t.l(libspace.o)
    0x00001e24   0x00000004   Ven    RO          307    .text               c_t.l(rt_ctype_table.o)
    0x00001e28   0x00000018   Code   RO          307    .text               c_t.l(rt_ctype_table.o)
    0x00001e40   0x000000ac   Code   RO          317    .text               c_t.l(_strtoul.o)
    0x00001eec   0x00000060   Code   RO          319    .text               c_t.l(sys_stackheap_outer.o)
    0x00001f4c   0x00000004   Ven    RO          324    .text               c_t.l(rt_locale_intlibspace.o)
    0x00001f50   0x0000000c   Code   RO          324    .text               c_t.l(rt_locale_intlibspace.o)
    0x00001f5c   0x0000001e   Code   RO          326    .text               c_t.l(_chval.o)
    0x00001f7a   0x0000000c   Code   RO          331    .text               c_t.l(exit.o)
    0x00001f86   0x00000002   PAD
    0x00001f88   0x00000008   Ven    RO          394    .text               c_t.l(sys_exit.o)
    0x00001f90   0x0000000c   Code   RO          394    .text               c_t.l(sys_exit.o)
    0x00001f9c   0x00000004   Code   RO          413    .text               c_t.l(use_no_semi.o)
    0x00001fa0   0x00000000   Code   RO          415    .text               c_t.l(indicate_semi.o)
    0x00001fa0   0x00000002   Code   RO          183    i.__ARM_common_call_via_r1  c_t.l(__printf.o)
    0x00001fa2   0x00000002   Code   RO          181    i.__ARM_common_call_via_r2  c_t.l(__printf.o)
    0x00001fa4   0x00000004   Ven    RO          329    locale$$code        c_t.l(lc_ctype_c.o)
    0x00001fa8   0x00000050   Code   RO          329    locale$$code        c_t.l(lc_ctype_c.o)
    0x00001ff8   0x000000c4   Code   RO          239    x$fpl$fadd          fz_ts.l(faddsub_noclz.o)
    0x000020bc   0x0000001c   Code   RO          282    x$fpl$fcmpinf       fz_ts.l(fcmpi.o)
    0x000020d8   0x00000084   Code   RO          245    x$fpl$feqf          fz_ts.l(feqf.o)
    0x0000215c   0x00000044   Code   RO          247    x$fpl$ffix          fz_ts.l(ffix.o)
    0x000021a0   0x0000005c   Code   RO          252    x$fpl$fflt          fz_ts.l(fflt_noclz.o)
    0x000021fc   0x00000084   Code   RO          255    x$fpl$fleqf         fz_ts.l(fleqf.o)
    0x00002280   0x000000a8   Code   RO          284    x$fpl$fnaninf       fz_ts.l(fnaninf.o)
    0x00002328   0x00000010   Code   RO          286    x$fpl$fretinf       fz_ts.l(fretinf.o)
    0x00002338   0x0000007c   Code   RO          257    x$fpl$frleqf        fz_ts.l(frleqf.o)
    0x000023b4   0x00000130   Code   RO          241    x$fpl$fsub          fz_ts.l(faddsub_noclz.o)
    0x000024e4   0x00000000   Code   RO          288    x$fpl$usenofp       fz_ts.l(usenofp.o)
    0x000024e4   0x00000020   Data   RO          464    Region$$Table       anon$$obj.o
    0x00002504   0x00000110   Data   RO          328    locale$$data        c_t.l(lc_ctype_c.o)


    Execution Region RW_IRAM1 (Base: 0x40000000, Size: 0x000005d0, Max: 0x00008000, ABSOLUTE)

    Base Addr    Size         Type   Attr      Idx    E Section Name        Object

    0x40000000   0x00000004   Data   RW           12    .data               uart0_file.o
    0x40000004   0x00000018   Data   RW           58    .data               interrupt_file.o
    0x4000001c   0x00000040   Data   RW           92    .data               keypad_file.o
    0x4000005c   0x00000014   Data   RW          143    .data               rf_reader_file.o
    0x40000070   0x00000078   Zero   RW           57    .bss                interrupt_file.o
    0x400000e8   0x00000060   Zero   RW          290    .bss                c_t.l(libspace.o)
    0x40000148   0x00000000   Zero   RW            2    HEAP                startup.o
    0x40000148   0x00000488   Zero   RW            1    STACK               startup.o


==============================================================================

Image component sizes


      Code (inc. data)   RO Data    RW Data    ZI Data      Debug   Object Name

        72          4          0          0          0        520   buzzer_file.o
       104          8          0          0          0        696   delay_file.o
       744         60          0         24        120       2171   interrupt_file.o
       520          8          0         64          0       2128   keypad_file.o
       464          8          0          0          0       1442   lcd_file.o
       108         24          0          0          0        367   main.o
      2812        524          0         20          0       3387   rf_reader_file.o
       304         60          0          0       1160        428   startup.o
       464         12          0          4          0       3236   uart0_file.o
       104          4          0          0          0        356   uart1_file.o

    ----------------------------------------------------------------------
      5696        712         32        112       1280      14731   Object Totals
         0          0         32          0          0          0   (incl. Generated)
         0          0          0          0          0          0   (incl. Padding)

    ----------------------------------------------------------------------

      Code (inc. data)   RO Data    RW Data    ZI Data      Debug   Library Member Name

         8          0          0          0          0         68   __main.o
       122          0          0          0          0        208   __printf.o
        60          8          0          0          0          0   __scatter.o
        40          0          0          0          0          0   __scatter_copy.o
        44          0          0          0          0          0   __scatter_zi.o
        30          0          0          0          0         60   _chval.o
        48          4          0          0          0         96   _printf_char_common.o
         8          0          0          0          0          0   _printf_d.o
       120         18          0          0          0         88   _printf_dec.o
       186          0          0          0          0         96   _printf_intcommon.o
         4          0          0          0          0          0   _printf_percent.o
         8          0          0          0          0          0   _printf_percent_end.o
        10          0          0          0          0         60   _sputc.o
       172          0          0          0          0         96   _strtoul.o
       384          0          0          0          0         80   aeabi_sdiv.o
        38          0          0          0          0         84   atoi.o
        12          0          0          0          0         64   exit.o
         6          0          0          0          0        136   heapauxi.o
         0          0          0          0          0          0   indicate_semi.o
        84          8        272          0          0         92   lc_ctype_c.o
        10          0          0          0          0          0   libinit.o
        30          0          0          0          0          0   libinit2.o
        12          0          0          0          0          0   libshutdown.o
         6          0          0          0          0          0   libshutdown2.o
        12          4          0          0         96         68   libspace.o
        48          4          0          0          0         84   noretval__2sprintf.o
        28          4          0          0          0         84   rt_ctype_table.o
        16          4          0          0          0         68   rt_errno_addr_intlibspace.o
        16          4          0          0          0         68   rt_locale_intlibspace.o
        64          0          0          0          0         68   rt_memclr.o
        84          0          0          0          0         80   rt_memclr_w.o
         0          0          0          0          0          0   rtentry.o
        44          4          0          0          0          0   rtentry2.o
         8          0          0          0          0          0   rtentry4.o
         8          0          0          0          0          0   rtexit.o
        12          0          0          0          0          0   rtexit2.o
        48          0          0          0          0         68   rtudiv10.o
       160          4          0          0          0         80   strcmp.o
        88          6          0          0          0         76   strcpy.o
       160          6          0          0          0         84   strncmp.o
       116          4          0          0          0         92   strtol.o
        20          4          0          0          0         60   sys_exit.o
        96          0          0          0          0         80   sys_stackheap_outer.o
         4          0          0          0          0         68   use_no_semi.o
       500          8          0          0          0        168   faddsub_noclz.o
        28          0          0          0          0         68   fcmpi.o
       132          4          0          0          0         84   feqf.o
        68          4          0          0          0         84   ffix.o
        92          0          0          0          0         68   fflt_noclz.o
       132          4          0          0          0         84   fleqf.o
       168          0          0          0          0         96   fnaninf.o
        16          0          0          0          0         68   fretinf.o
       124          0          0          0          0         68   frleqf.o
         0          0          0          0          0          0   usenofp.o

    ----------------------------------------------------------------------
      3748        106        272          0         96       3144   Library Totals
        14          0          0          0          0          0   (incl. Padding)

    ----------------------------------------------------------------------

      Code (inc. data)   RO Data    RW Data    ZI Data      Debug   Library Name

      2474         86        272          0         96       2356   c_t.l
      1260         20          0          0          0        788   fz_ts.l

    ----------------------------------------------------------------------
      3748        106        272          0         96       3144   Library Totals

    ----------------------------------------------------------------------

==============================================================================


      Code (inc. data)   RO Data    RW Data    ZI Data      Debug   

      9444        818        304        112       1376      15455   Grand Totals
      9444        818        304        112       1376      15455   ELF Image Totals
      9444        818        304        112          0          0   ROM Totals

==============================================================================

    Total RO  Size (Code + RO Data)                 9748 (   9.52kB)
    Total RW  Size (RW Data + ZI Data)              1488 (   1.45kB)
    Total ROM Size (Code + RO Data + RW Data)       9860 (   9.63kB)

==============================================================================

