<html>
<body>
<pre>
<h1>µVision Build Log</h1>
<h2>Project:</h2>
E:\Major_Project\Embedded_c\Project.uvproj
Project File Date:  05/17/2026

<h2>Output:</h2>
Rebuild target 'Target 1'
assembling Startup.s...
compiling uart0_file.c...
compiling uart1_file.c...
compiling interrupt_file.c...
compiling lcd_file.c...
compiling keypad_file.c...
compiling main.c...
compiling buzzer_file.c...
compiling rf_reader_file.c...
rf_reader_file.c(151): warning:  #550-D: variable "role" was set but never used
      static int role = 0, count = 0;
rf_reader_file.c: 1 warning, 0 errors
compiling delay_file.c...
linking...
Program Size: Code=9444 RO-data=304 RW-data=112 ZI-data=1376  
FromELF: creating hex file...
".\Majot_project.axf" - 0 Error(s), 1 Warning(s).
</pre>
</body>
</html>
le.c(151): warning:  #550-D: variable "role" was set but never used
      static int role = 0, count = 0;
rf_reader_file.c: 1 warning, 0 errors
compiling delay_file.c...
linking...
Program Size: Code=9444 RO-data=304 RW-data=112 ZI-data=1376  
FromELF: creating hex file...
".\Project.axf" - 0 Error(s), 4 Warning(s).
#1-D: last line of file ends without a newline
  #endif
buzzer_header.h(37): warning:  #1-D: last line of file ends without a newline
  #endif
rf_reader_header.h(87): warning:  #1-D: last line of file ends without a newline
  #endif
main.c(117): warning:  #1-D: last line of file ends without a newline
  }
main.c: 5 warnings, 0 errors
compiling buzzer_file.c...
buzzer_header.h(37): warning:  #1-D: last line of file ends without a newline
  #endif
buzzer_file.c(32): warning:  #1-D: last line of file ends without a newline
  }
buzzer_file.c: 2 warnings, 0 errors
compiling rf_reader_file.c...
interrupt_header.h(82): warning:  #1-D: last line of file ends without a newline
  #endif
uart1_header.h(45): warning:  #1-D: last line of file ends without a newline
  #endif
buzzer_header.h(37): warning:  #1-D: last line of file ends without a newline
  #endif
rf_reader_header.h(87): warning:  #1-D: last line of file ends without a newline
  #endif
rf_reader_file.c(547): warning:  #1-D: last line of file ends without a newline
  }
rf_reader_file.c(151): warning:  #550-D: variable "role" was set but never used
      static int role = 0, count = 0;
rf_reader_file.c: 6 warnings, 0 errors
compiling delay_file.c...
linking...
Program Size: Code=9444 RO-data=304 RW-data=112 ZI-data=1376  
FromELF: creating hex file...
".\Project.axf" - 0 Error(s), 19 Warning(s).

.\Project.axf: Error: L6218E: Undefined symbol delay_S (referred from rf_reader_file.o).
Not enough information to list image symbols.
Finished: 1 information, 0 warning and 3 error messages.
".\Project.axf" - 3 Error(s), 19 Warning(s).
Target not created
